Component: ARM Compiler 5.06 update 1 (build 61) Tool: armlink [4d35a8]

==============================================================================

Section Cross References

    los_priqueue.o(i.LOS_PriqueueEnqueue) refers to los_priqueue.o(.data) for g_pstLosPriorityQueueList
    los_priqueue.o(i.LOS_PriqueueSize) refers to los_priqueue.o(.data) for g_pstLosPriorityQueueList
    los_priqueue.o(i.LOS_PriqueueTop) refers to los_priqueue.o(.data) for g_pstLosPriorityQueueList
    los_priqueue.o(i.LOS_PriqueueTotalSize) refers to los_priqueue.o(i.LOS_PriqueueSize) for LOS_PriqueueSize
    los_priqueue.o(i.osPriqueueInit) refers to los_memory.o(i.LOS_MemAlloc) for LOS_MemAlloc
    los_priqueue.o(i.osPriqueueInit) refers to los_config.o(.data) for m_aucSysMem0
    los_priqueue.o(i.osPriqueueInit) refers to los_priqueue.o(.data) for g_pstLosPriorityQueueList
    los_swtmr.o(i.LOS_SwtmrCreate) refers to los_dispatch_keil.o(KERNEL) for LOS_IntLock
    los_swtmr.o(i.LOS_SwtmrCreate) refers to los_swtmr.o(.data) for m_pstSwtmrFreeList
    los_swtmr.o(i.LOS_SwtmrDelete) refers to los_dispatch_keil.o(KERNEL) for LOS_IntLock
    los_swtmr.o(i.LOS_SwtmrDelete) refers to los_swtmr.o(i.osSwtmrStop) for osSwtmrStop
    los_swtmr.o(i.LOS_SwtmrDelete) refers to los_swtmr.o(i.osSwtmrDelete) for osSwtmrDelete
    los_swtmr.o(i.LOS_SwtmrDelete) refers to los_swtmr.o(.data) for m_pstSwtmrCBArray
    los_swtmr.o(i.LOS_SwtmrStart) refers to los_dispatch_keil.o(KERNEL) for LOS_IntLock
    los_swtmr.o(i.LOS_SwtmrStart) refers to los_swtmr.o(i.osSwtmrStop) for osSwtmrStop
    los_swtmr.o(i.LOS_SwtmrStart) refers to los_swtmr.o(i.osSwTmrStart) for osSwTmrStart
    los_swtmr.o(i.LOS_SwtmrStart) refers to los_swtmr.o(.data) for m_pstSwtmrCBArray
    los_swtmr.o(i.LOS_SwtmrStop) refers to los_dispatch_keil.o(KERNEL) for LOS_IntLock
    los_swtmr.o(i.LOS_SwtmrStop) refers to los_swtmr.o(i.osSwtmrStop) for osSwtmrStop
    los_swtmr.o(i.LOS_SwtmrStop) refers to los_swtmr.o(.data) for m_pstSwtmrCBArray
    los_swtmr.o(i.osSwTmrAdjust) refers to los_swtmr.o(i.osSwTmrTimeoutHandle) for osSwTmrTimeoutHandle
    los_swtmr.o(i.osSwTmrAdjust) refers to los_swtmr.o(.data) for m_pstSwtmrSortList
    los_swtmr.o(i.osSwTmrGetNextTimeout) refers to los_swtmr.o(.data) for m_pstSwtmrSortList
    los_swtmr.o(i.osSwTmrInit) refers to los_memory.o(i.LOS_MemAlloc) for LOS_MemAlloc
    los_swtmr.o(i.osSwTmrInit) refers to rt_memclr_w.o(.text) for __aeabi_memclr4
    los_swtmr.o(i.osSwTmrInit) refers to los_membox.o(i.LOS_MemboxInit) for LOS_MemboxInit
    los_swtmr.o(i.osSwTmrInit) refers to los_queue.o(i.LOS_QueueCreate) for LOS_QueueCreate
    los_swtmr.o(i.osSwTmrInit) refers to los_swtmr.o(i.osSwTmrTaskCreate) for osSwTmrTaskCreate
    los_swtmr.o(i.osSwTmrInit) refers to los_swtmr.o(.data) for m_pstSwtmrSortList
    los_swtmr.o(i.osSwTmrInit) refers to los_config.o(.data) for m_aucSysMem0
    los_swtmr.o(i.osSwTmrInit) refers to los_swtmr.o(.bss) for m_aucSwTmrHandlerPool
    los_swtmr.o(i.osSwTmrStart) refers to los_swtmr.o(.data) for m_pstSwtmrSortList
    los_swtmr.o(i.osSwTmrTask) refers to los_queue.o(i.LOS_QueueRead) for LOS_QueueRead
    los_swtmr.o(i.osSwTmrTask) refers to los_membox.o(i.LOS_MemboxFree) for LOS_MemboxFree
    los_swtmr.o(i.osSwTmrTask) refers to los_swtmr.o(.data) for m_uwSwTmrHandlerQueue
    los_swtmr.o(i.osSwTmrTask) refers to los_swtmr.o(.bss) for m_aucSwTmrHandlerPool
    los_swtmr.o(i.osSwTmrTaskCreate) refers to rt_memclr_w.o(.text) for __aeabi_memclr4
    los_swtmr.o(i.osSwTmrTaskCreate) refers to los_task.o(i.LOS_TaskCreate) for LOS_TaskCreate
    los_swtmr.o(i.osSwTmrTaskCreate) refers to los_swtmr.o(i.osSwTmrTask) for osSwTmrTask
    los_swtmr.o(i.osSwTmrTaskCreate) refers to los_task.o(.data) for g_uwSwtmrTaskID
    los_swtmr.o(i.osSwTmrTimeoutHandle) refers to los_membox.o(i.LOS_MemboxAlloc) for LOS_MemboxAlloc
    los_swtmr.o(i.osSwTmrTimeoutHandle) refers to los_queue.o(i.LOS_QueueWrite) for LOS_QueueWrite
    los_swtmr.o(i.osSwTmrTimeoutHandle) refers to los_membox.o(i.LOS_MemboxFree) for LOS_MemboxFree
    los_swtmr.o(i.osSwTmrTimeoutHandle) refers to los_swtmr.o(i.osSwtmrDelete) for osSwtmrDelete
    los_swtmr.o(i.osSwTmrTimeoutHandle) refers to los_swtmr.o(i.osSwTmrStart) for osSwTmrStart
    los_swtmr.o(i.osSwTmrTimeoutHandle) refers to los_swtmr.o(.data) for m_pstSwtmrSortList
    los_swtmr.o(i.osSwTmrTimeoutHandle) refers to los_swtmr.o(.bss) for m_aucSwTmrHandlerPool
    los_swtmr.o(i.osSwtmrDelete) refers to los_swtmr.o(.data) for m_pstSwtmrFreeList
    los_swtmr.o(i.osSwtmrScan) refers to los_swtmr.o(i.osSwTmrTimeoutHandle) for osSwTmrTimeoutHandle
    los_swtmr.o(i.osSwtmrScan) refers to los_swtmr.o(.data) for m_pstSwtmrSortList
    los_swtmr.o(i.osSwtmrStop) refers to los_swtmr.o(.data) for m_pstSwtmrSortList
    los_sys.o(i.LOS_MS2Tick) refers to lludivv7m.o(.text) for __aeabi_uldivmod
    los_sys.o(i.LOS_Reboot) refers to los_dispatch_keil.o(KERNEL) for LOS_IntLock
[...]
    i.osQueueWakeUp                          0x00004cac   Section        0  los_queue.o(i.osQueueWakeUp)
    osQueueWakeUp                            0x00004cad   Thumb Code    90  los_queue.o(i.osQueueWakeUp)
    i.osRegister                             0x00004d08   Section        0  los_config.o(i.osRegister)
    i.osSchedule                             0x00004d24   Section        0  los_hw.o(i.osSchedule)
    i.osSemInit                              0x00004d2c   Section        0  los_sem.o(i.osSemInit)
    i.osSwTmrInit                            0x00004d84   Section        0  los_swtmr.o(i.osSwTmrInit)
    i.osSwTmrStart                           0x00004e30   Section        0  los_swtmr.o(i.osSwTmrStart)
    i.osSwTmrTask                            0x00004e90   Section        0  los_swtmr.o(i.osSwTmrTask)
    i.osSwTmrTaskCreate                      0x00004ee0   Section        0  los_swtmr.o(i.osSwTmrTaskCreate)
    i.osSwTmrTimeoutHandle                   0x00004f28   Section        0  los_swtmr.o(i.osSwTmrTimeoutHandle)
    osSwTmrTimeoutHandle                     0x00004f29   Thumb Code   126  los_swtmr.o(i.osSwTmrTimeoutHandle)
    i.osSwtmrDelete                          0x00004fb4   Section        0  los_swtmr.o(i.osSwtmrDelete)
    osSwtmrDelete                            0x00004fb5   Thumb Code    16  los_swtmr.o(i.osSwtmrDelete)
    i.osSwtmrScan                            0x00004fc8   Section        0  los_swtmr.o(i.osSwtmrScan)
    i.osSwtmrStop                            0x00004fec   Section        0  los_swtmr.o(i.osSwtmrStop)
    i.osTaskAdd2TimerList                    0x00005034   Section        0  los_task.o(i.osTaskAdd2TimerList)
    i.osTaskEntry                            0x000050f4   Section        0  los_task.o(i.osTaskEntry)
    i.osTaskExit                             0x00005198   Section        0  los_hw.o(i.osTaskExit)
    i.osTaskInit                             0x000051a0   Section        0  los_task.o(i.osTaskInit)
    i.osTaskMemUsedDec                       0x000052c8   Section        0  los_memstat.o(i.osTaskMemUsedDec)
    i.osTaskMemUsedInc                       0x000052fc   Section        0  los_memstat.o(i.osTaskMemUsedInc)
    i.osTaskPriModify                        0x00005338   Section        0  los_task.o(i.osTaskPriModify)
    i.osTaskScan                             0x00005370   Section        0  los_task.o(i.osTaskScan)
    i.osTaskSelfDelete                       0x0000544c   Section        0  los_task.o(i.osTaskSelfDelete)
    i.osTickHandler                          0x00005548   Section        0  los_tick.o(i.osTickHandler)
    i.osTickStart                            0x00005570   Section        0  los_bsp_adapter.o(i.osTickStart)
    i.osTimerListDelete                      0x000055b0   Section        0  los_task.o(i.osTimerListDelete)
    i.osTimesliceCheck                       0x000055f8   Section        0  los_timeslice.o(i.osTimesliceCheck)
    i.osTimesliceInit                        0x00005644   Section        0  los_timeslice.o(i.osTimesliceInit)
    i.osTskStackInit                         0x00005654   Section        0  los_hw.o(i.osTskStackInit)
    i.recv_Entry                             0x000056dc   Section        0  los_api_msgqueue.o(i.recv_Entry)
    i.send_Entry                             0x000057a8   Section        0  los_api_msgqueue.o(i.send_Entry)
    .constdata                               0x0000581c   Section        9  los_bsp_adapter.o(.constdata)
    .constdata                               0x00005825   Section       40  _printf_hex_int_ll_ptr.o(.constdata)
    uc_hextab                                0x00005825   Data          20  _printf_hex_int_ll_ptr.o(.constdata)
    lc_hextab                                0x00005839   Data          20  _printf_hex_int_ll_ptr.o(.constdata)
    .constdata                               0x0000584d   Section       17  __printf_flags_ss_wp.o(.constdata)
    maptable                                 0x0000584d   Data          17  __printf_flags_ss_wp.o(.constdata)
    .constdata                               0x0000585e   Section        4  sys_io.o(.constdata)
    .constdata                               0x00005862   Section        4  sys_io.o(.constdata)
    .constdata                               0x00005866   Section        4  sys_io.o(.constdata)
    .conststring                             0x0000586c   Section       66  los_api_sem.o(.conststring)
    .ccfg                                    0x0001ffa8   Section       88  ccfg.o(.ccfg)
    __tagsym$$used                           0x0001ffa8   Number         0  ccfg.o(.ccfg)
    .data                                    0x20000000   Section        4  los_priqueue.o(.data)
    .data                                    0x20000004   Section       16  los_swtmr.o(.data)
    .data                                    0x20000014   Section       68  los_task.o(.data)
    .data                                    0x20000058   Section       16  los_tick.o(.data)
    .data                                    0x20000068   Section        8  los_timeslice.o(.data)
    .data                                    0x20000070   Section       12  los_mux.o(.data)
    .data                                    0x2000007c   Section        4  los_queue.o(.data)
    .data                                    0x20000080   Section       12  los_sem.o(.data)
    .data                                    0x2000008c   Section        8  los_config.o(.data)
    .data                                    0x20000094   Section        4  los_hw_tick.o(.data)
    .data                                    0x20000098   Section        4  los_hwi.o(.data)
    .data                                    0x2000009c   Section        4  los_bsp_adapter.o(.data)
    g_ucycle_per_tick                        0x2000009c   Data           4  los_bsp_adapter.o(.data)
    .data                                    0x200000a0   Section        1  los_bsp_uart.o(.data)
    .data                                    0x200000a4   Section        8  los_api_event.o(.data)
    .data                                    0x200000ac   Section       22  los_api_msgqueue.o(.data)
    g_uwQueue                                0x200000ac   Data           4  los_api_msgqueue.o(.data)
    .data                                    0x200000c4   Section       12  los_api_mutex.o(.data)
    .data                                    0x200000d0   Section       12  los_api_sem.o(.data)
    g_TestTaskID01                           0x200000d0   Data           4  los_api_sem.o(.data)
    g_TestTaskID02                           0x200000d4   Data           4  los_api_sem.o(.data)
    g_usSemID                                0x200000d8   Data           4  los_api_sem.o(.data)
    .data                                    0x200000dc   Section        8  los_api_task.o(.data)
    .data                                    0x200000e4   Section        8  los_api_timer.o(.data)
    .data                                    0x200000ec   Section      168  los_inspect_entry.o(.data)
    gInspectErrCnt                           0x200000ec   Data           4  los_inspect_entry.o(.data)
    g_uwDemoTaskID                           0x200000f0   Data           4  los_inspect_entry.o(.data)
    gInspect                                 0x200000f4   Data         160  los_inspect_entry.o(.data)
    .data                                    0x20000194   Section        4  stdio_streams.o(.data)
    .data                                    0x20000198   Section        4  stdio_streams.o(.data)
    .data                                    0x2000019c   Section        4  stdio_streams.o(.data)
    .vector.bss                              0x200001a0   Section     1024  los_hwi.o(.vector.bss)
    .bss                                     0x200005a0   Section      100  los_swtmr.o(.bss)
    .bss                                     0x20000604   Section    10240  los_memory.o(.bss)
    .bss                                     0x20002e04   Section       32  los_memstat.o(.bss)
    .bss                                     0x20002e24   Section       12  los_api_event.o(.bss)
    .bss                                     0x20002e30   Section      600  los_api_static_mem.o(.bss)
    .bss                                     0x20003088   Section       84  stdio_streams.o(.bss)
    .bss                                     0x200030dc   Section       84  stdio_streams.o(.bss)
    .bss                                     0x20003130   Section       84  stdio_streams.o(.bss)
    .bss                                     0x20003184   Section       96  libspace.o(.bss)
    HEAP                                     0x200031e8   Section        0  startup_keil.o(HEAP)
    STACK                                    0x200031e8   Section      512  startup_keil.o(STACK)
    Heap_Mem                                 0x200031e8   Data           0  startup_keil.o(HEAP)
    Stack_Mem                                0x200031e8   Data         512  startup_keil.o(STACK)
    __initial_sp                             0x200033e8   Data           0  startup_keil.o(STACK)

    Global Symbols

    Symbol Name                              Value     Ov Type        Size  Object(Section)

    BuildAttributes$$THM_ISAv4$P$D$K$B$S$PE$A:L22UL41UL21$X:L11$S22US41US21$IEEE1$IW$USESV6$~STKCKD$USESV7$~SHL$OTIME$ROPI$IEEEJ$EBA8$UX$STANDARDLIB$REQ8$PRES8$EABIv2 0x00000000   Number         0  anon$$obj.o ABSOLUTE
    __ARM_use_no_argv                        0x00000000   Number         0  main.o ABSOLUTE
    __Vectors                                0x00000000   Data           4  startup_keil.o(RESET)
    _printf_flags                            0x00000000   Number         0  printf_stubs.o ABSOLUTE
    _printf_return_value                     0x00000000   Number         0  printf_stubs.o ABSOLUTE
    _printf_sizespec                         0x00000000   Number         0  printf_stubs.o ABSOLUTE
    _printf_widthprec                        0x00000000   Number         0  printf_stubs.o ABSOLUTE
    __ARM_exceptions_init                     - Undefined Weak Reference
    __alloca_initialize                       - Undefined Weak Reference
    __arm_preinit_                            - Undefined Weak Reference
    __cpp_initialize__aeabi_                  - Undefined Weak Reference
    __cxa_finalize                            - Undefined Weak Reference
    __sigvec_lookup                           - Undefined Weak Reference
    __user_heap_extent                        - Undefined Weak Reference
    _atexit_init                              - Undefined Weak Reference
    _call_atexit_fns                          - Undefined Weak Reference
    _clock_init                               - Undefined Weak Reference
    _fp_trap_init                             - Undefined Weak Reference
    _fp_trap_shutdown                         - Undefined Weak Reference
    _get_lc_collate                           - Undefined Weak Reference
    _get_lc_monetary                          - Undefined Weak Reference
    _get_lc_time                              - Undefined Weak Reference
    _getenv_init                              - Undefined Weak Reference
    _handle_redirection                       - Undefined Weak Reference
    _mutex_acquire                            - Undefined Weak Reference
    _mutex_free                               - Undefined Weak Reference
    _mutex_release                            - Undefined Weak Reference
    _printf_mbtowc                            - Undefined Weak Reference
    _printf_wc                                - Undefined Weak Reference
    _rand_init                                - Undefined Weak Reference
    _signal_finish                            - Undefined Weak Reference
    _signal_init                              - Undefined Weak Reference
    __Vectors_End                            0x000000c8   Data           0  startup_keil.o(RESET)
    __Vectors_Size                           0x000000c8   Number         0  startup_keil.o ABSOLUTE
    __main                                   0x000000c9   Thumb Code     8  __main.o(!!!main)
    __scatterload                            0x000000d1   Thumb Code     0  __scatter.o(!!!scatter)
    __scatterload_rt2                        0x000000d1   Thumb Code    44  __scatter.o(!!!scatter)
    __scatterload_rt2_thumb_only             0x000000d1   Thumb Code     0  __scatter.o(!!!scatter)
    __scatterload_null                       0x000000df   Thumb Code     0  __scatter.o(!!!scatter)
    __decompress                             0x00000105   Thumb Code    90  __dczerorl2.o(!!dczerorl2)
    __decompress1                            0x00000105   Thumb Code     0  __dczerorl2.o(!!dczerorl2)
    __scatterload_zeroinit                   0x00000161   Thumb Code    28  __scatter_zi.o(!!handler_zi)
    _printf_d                                0x0000017d   Thumb Code     0  _printf_d.o(.ARM.Collect$$_printf_percent$$00000009)
    _printf_percent                          0x0000017d   Thumb Code     0  _printf_percent.o(.ARM.Collect$$_printf_percent$$00000000)
    _printf_u                                0x00000183   Thumb Code     0  _printf_u.o(.ARM.Collect$$_printf_percent$$0000000A)
    _printf_x                                0x00000189   Thumb Code     0  _printf_x.o(.ARM.Collect$$_printf_percent$$0000000C)
    _printf_s                                0x0000018f   Thumb Code     0  _printf_s.o(.ARM.Collect$$_printf_percent$$00000014)
    _printf_percent_end                      0x00000195   Thumb Code     0  _printf_percent_end.o(.ARM.Collect$$_printf_percent$$00000017)
    __rt_lib_init                            0x00000199   Thumb Code     0  libinit.o(.ARM.Collect$$libinit$$00000000)
    __rt_lib_init_fp_1                       0x0000019b   Thumb Code     0  libinit2.o(.ARM.Collect$$libinit$$00000002)
    __rt_lib_init_heap_2                     0x0000019b   Thumb Code     0  libinit2.o(.ARM.Collect$$libinit$$00000005)
    __rt_lib_init_preinit_1                  0x0000019b   Thumb Code     0  libinit2.o(.ARM.Collect$$libinit$$00000004)
    __rt_lib_init_atexit_1                   0x000001a3   Thumb Code     0  libinit2.o(.ARM.Collect$$libinit$$0000001B)
    __rt_lib_init_clock_1                    0x000001a3   Thumb Code     0  libinit2.o(.ARM.Collect$$libinit$$00000021)
    __rt_lib_init_fp_trap_1                  0x000001a3   Thumb Code     0  libinit2.o(.ARM.Collect$$libinit$$0000001F)
    __rt_lib_init_getenv_1                   0x000001a3   Thumb Code     0  libinit2.o(.ARM.Collect$$libinit$$00000023)
    __rt_lib_init_heap_1                     0x000001a3   Thumb Code     0  libinit2.o(.ARM.Collect$$libinit$$0000000A)
    __rt_lib_init_lc_collate_1               0x000001a3   Thumb Code     0  libinit2.o(.ARM.Collect$$libinit$$00000011)
    __rt_lib_init_lc_ctype_1                 0x000001a3   Thumb Code     0  libinit2.o(.ARM.Collect$$libinit$$00000013)
    __rt_lib_init_lc_monetary_1              0x000001a3   Thumb Code     0  libinit2.o(.ARM.Collect$$libinit$$00000015)
    __rt_lib_init_lc_numeric_1               0x000001a3   Thumb Code     0  libinit2.o(.ARM.Collect$$libinit$$00000017)
    __rt_lib_init_lc_time_1                  0x000001a3   Thumb Code     0  libinit2.o(.ARM.Collect$$libinit$$00000019)
    __rt_lib_init_rand_1                     0x000001a3   Thumb Code     0  libinit2.o(.ARM.Collect$$libinit$$0000000E)
    __rt_lib_init_signal_1                   0x000001a3   Thumb Code     0  libinit2.o(.ARM.Collect$$libinit$$0000001D)
    __rt_lib_init_stdio_2                    0x000001a3   Thumb Code     0  libinit2.o(.ARM.Collect$$libinit$$00000024)
    __rt_lib_init_user_alloc_1               0x000001a3   Thumb Code     0  libinit2.o(.ARM.Collect$$libinit$$0000000C)
    __rt_lib_init_alloca_1                   0x000001a7   Thumb Code     0  libinit2.o(.ARM.Collect$$libinit$$0000002E)
    __rt_lib_init_argv_1                     0x000001a7   Thumb Code     0  libinit2.o(.ARM.Collect$$libinit$$0000002C)
    __rt_lib_init_cpp_1                      0x000001a7   Thumb Code     0  libinit2.o(.ARM.Collect$$libinit$$00000032)
    __rt_lib_init_exceptions_1               0x000001a7   Thumb Code     0  libinit2.o(.ARM.Collect$$libinit$$00000030)
    __rt_lib_init_return                     0x000001a7   Thumb Code     0  libinit2.o(.ARM.Collect$$libinit$$00000033)
    __rt_lib_init_stdio_1                    0x000001a7   Thumb Code     0  libinit2.o(.ARM.Collect$$libinit$$00000025)
    __rt_lib_shutdown                        0x000001a9   Thumb Code     0  libshutdown.o(.ARM.Collect$$libshutdown$$00000000)
    __rt_lib_shutdown_cpp_1                  0x000001ab   Thumb Code     0  libshutdown2.o(.ARM.Collect$$libshutdown$$00000002)
    __rt_lib_shutdown_stdio_2                0x000001ab   Thumb Code     0  libshutdown2.o(.ARM.Collect$$libshutdown$$00000003)
    __rt_lib_shutdown_fp_trap_1              0x000001af   Thumb Code     0  libshutdown2.o(.ARM.Collect$$libshutdown$$00000007)
    __rt_lib_shutdown_heap_1                 0x000001af   Thumb Code     0  libshutdown2.o(.ARM.Collect$$libshutdown$$0000000F)
    __rt_lib_shutdown_return                 0x000001af   Thumb Code     0  libshutdown2.o(.ARM.Collect$$libshutdown$$00000010)
    __rt_lib_shutdown_signal_1               0x000001af   Thumb Code     0  libshutdown2.o(.ARM.Collect$$libshutdown$$0000000A)
    __rt_lib_shutdown_stdio_1                0x000001af   Thumb Code     0  libshutdown2.o(.ARM.Collect$$libshutdown$$00000004)
    __rt_lib_shutdown_user_alloc_1           0x000001af   Thumb Code     0  libshutdown2.o(.ARM.Collect$$libshutdown$$0000000C)
    __rt_entry                               0x000001b1   Thumb Code     0  __rtentry.o(.ARM.Collect$$rtentry$$00000000)
    __rt_entry_presh_1                       0x000001b1   Thumb Code     0  __rtentry2.o(.ARM.Collect$$rtentry$$00000002)
    __rt_entry_sh                            0x000001b1   Thumb Code     0  __rtentry4.o(.ARM.Collect$$rtentry$$00000004)
    __rt_entry_li                            0x000001b7   Thumb Code     0  __rtentry2.o(.ARM.Collect$$rtentry$$0000000A)
    __rt_entry_postsh_1                      0x000001b7   Thumb Code     0  __rtentry2.o(.ARM.Collect$$rtentry$$00000009)
    __rt_entry_main                          0x000001bb   Thumb Code     0  __rtentry2.o(.ARM.Collect$$rtentry$$0000000D)
    __rt_entry_postli_1                      0x000001bb   Thumb Code     0  __rtentry2.o(.ARM.Collect$$rtentry$$0000000C)
    __rt_exit                                0x000001c3   Thumb Code     0  rtexit.o(.ARM.Collect$$rtexit$$00000000)
    __rt_exit_ls                             0x000001c5   Thumb Code     0  rtexit2.o(.ARM.Collect$$rtexit$$00000003)
    __rt_exit_prels_1                        0x000001c5   Thumb Code     0  rtexit2.o(.ARM.Collect$$rtexit$$00000002)
    __rt_exit_exit                           0x000001c9   Thumb Code     0  rtexit2.o(.ARM.Collect$$rtexit$$00000004)
    LOS_StartToRun                           0x000001d1   Thumb Code     0  los_dispatch_keil.o(.text)
    _maybe_terminate_alloc                   0x000001d1   Thumb Code     0  maybetermalloc1.o(.emb_text)
    Reset_Handler                            0x0000022d   Thumb Code    12  startup_keil.o(.text)
    NmiSR                                    0x00000239   Thumb Code     2  startup_keil.o(.text)
    FaultISR                                 0x0000023b   Thumb Code     2  startup_keil.o(.text)
    MPUFaultIntHandler                       0x0000023d   Thumb Code     2  startup_keil.o(.text)
    BusFaultIntHandler                       0x0000023f   Thumb Code     2  startup_keil.o(.text)
    UsageFaultIntHandler                     0x00000241   Thumb Code     2  startup_keil.o(.text)
    SVCallIntHandler                         0x00000243   Thumb Code     2  startup_keil.o(.text)
    DebugMonIntHandler                       0x00000245   Thumb Code     2  startup_keil.o(.text)
    PendSVIntHandler                         0x00000247   Thumb Code     2  startup_keil.o(.text)
    SysTickIntHandler                        0x00000249   Thumb Code     2  startup_keil.o(.text)
    AONProgIntHandler                        0x0000024b   Thumb Code     0  startup_keil.o(.text)
    AONRTCIntHandler                         0x0000024b   Thumb Code     0  startup_keil.o(.text)
    AUXADCIntHandler                         0x0000024b   Thumb Code     0  startup_keil.o(.text)
    AUXCombEventIntHandler                   0x0000024b   Thumb Code     0  startup_keil.o(.text)
    AUXCompAIntHandler                       0x0000024b   Thumb Code     0  startup_keil.o(.text)
    CryptoIntHandler                         0x0000024b   Thumb Code     0  startup_keil.o(.text)
    DynProgIntHandler                        0x0000024b   Thumb Code     0  startup_keil.o(.text)
    FlashIntHandler                          0x0000024b   Thumb Code     0  startup_keil.o(.text)
    GPIOIntHandler                           0x0000024b   Thumb Code     0  startup_keil.o(.text)
    I2CIntHandler                            0x0000024b   Thumb Code     0  startup_keil.o(.text)
    I2SIntHandler                            0x0000024b   Thumb Code     0  startup_keil.o(.text)
    RFCCPE0IntHandler                        0x0000024b   Thumb Code     0  startup_keil.o(.text)
    RFCCPE1IntHandler                        0x0000024b   Thumb Code     0  startup_keil.o(.text)
    RFCCmdAckIntHandler                      0x0000024b   Thumb Code     0  startup_keil.o(.text)
    RFCHardwareIntHandler                    0x0000024b   Thumb Code     0  startup_keil.o(.text)
    SSI0IntHandler                           0x0000024b   Thumb Code     0  startup_keil.o(.text)
    SSI1IntHandler                           0x0000024b   Thumb Code     0  startup_keil.o(.text)
    SWEvent0IntHandler                       0x0000024b   Thumb Code     0  startup_keil.o(.text)
    TRNGIntHandler                           0x0000024b   Thumb Code     0  startup_keil.o(.text)
    Timer0AIntHandler                        0x0000024b   Thumb Code     0  startup_keil.o(.text)
    Timer0BIntHandler                        0x0000024b   Thumb Code     0  startup_keil.o(.text)
    Timer1AIntHandler                        0x0000024b   Thumb Code     0  startup_keil.o(.text)
    Timer1BIntHandler                        0x0000024b   Thumb Code     0  startup_keil.o(.text)
    Timer2AIntHandler                        0x0000024b   Thumb Code     0  startup_keil.o(.text)
    Timer2BIntHandler                        0x0000024b   Thumb Code     0  startup_keil.o(.text)
    Timer3AIntHandler                        0x0000024b   Thumb Code     0  startup_keil.o(.text)
    Timer3BIntHandler                        0x0000024b   Thumb Code     0  startup_keil.o(.text)
    WatchdogIntHandler                       0x0000024b   Thumb Code     0  startup_keil.o(.text)
    uDMAErrIntHandler                        0x0000024b   Thumb Code     0  startup_keil.o(.text)
    uDMAIntHandler                           0x0000024b   Thumb Code     0  startup_keil.o(.text)
    __user_initial_stackheap                 0x0000024d   Thumb Code     0  startup_keil.o(.text)
    NOROM_SetupTrimDevice                    0x000002eb   Thumb Code   124  setup.o(.text)
    NOROM_ChipInfo_GetChipFamily             0x000003ad   Thumb Code    40  chipinfo.o(.text)
    NOROM_ChipInfo_GetSupportedProtocol_BV   0x000003d5   Thumb Code    12  chipinfo.o(.text)
    NOROM_ChipInfo_GetPackageType            0x000003e1   Thumb Code    20  chipinfo.o(.text)
    NOROM_ChipInfo_GetChipType               0x000003f5   Thumb Code    34  chipinfo.o(.text)
    NOROM_ChipInfo_GetHwRevision             0x00000417   Thumb Code    36  chipinfo.o(.text)
    NOROM_ThisLibraryIsFor_CC26x0R2_HaltIfViolated 0x0000043b   Thumb Code    14  chipinfo.o(.text)
    free                                     0x00000451   Thumb Code    78  h1_free.o(.text)
    __2printf                                0x000004a1   Thumb Code    20  __2printf.o(.text)
    _printf_str                              0x000004b9   Thumb Code    82  _printf_str.o(.text)
    _printf_int_dec                          0x0000050d   Thumb Code   104  _printf_dec.o(.text)
    _printf_longlong_hex                     0x00000585   Thumb Code    86  _printf_hex_int_ll_ptr.o(.text)
    _printf_int_hex                          0x000005db   Thumb Code    28  _printf_hex_int_ll_ptr.o(.text)
    _printf_ll_hex                           0x000005f7   Thumb Code    12  _printf_hex_int_ll_ptr.o(.text)
    _printf_hex_ptr                          0x00000603   Thumb Code    18  _printf_hex_int_ll_ptr.o(.text)
    __printf                                 0x00000619   Thumb Code   388  __printf_flags_ss_wp.o(.text)
    __aeabi_memclr                           0x000007a1   Thumb Code     0  rt_memclr.o(.text)
    __rt_memclr                              0x000007a1   Thumb Code    68  rt_memclr.o(.text)
    _memset                                  0x000007a5   Thumb Code     0  rt_memclr.o(.text)
    __aeabi_memclr4                          0x000007e5   Thumb Code     0  rt_memclr_w.o(.text)
    __aeabi_memclr8                          0x000007e5   Thumb Code     0  rt_memclr_w.o(.text)
    __rt_memclr_w                            0x000007e5   Thumb Code    78  rt_memclr_w.o(.text)
    _memset_w                                0x000007e9   Thumb Code     0  rt_memclr_w.o(.text)
    __use_two_region_memory                  0x00000833   Thumb Code     2  heapauxi.o(.text)
    __rt_heap_escrow                         0x00000835   Thumb Code     2  heapauxi.o(.text)
    __rt_heap_expand                         0x00000837   Thumb Code     2  heapauxi.o(.text)
    __rt_heap_descriptor                     0x00000839   Thumb Code     8  rt_heap_descriptor_intlibspace.o(.text)
    __use_no_heap                            0x00000841   Thumb Code     2  hguard.o(.text)
    __heap$guard                             0x00000843   Thumb Code     2  hguard.o(.text)
    _terminate_user_alloc                    0x00000845   Thumb Code     2  init_alloc.o(.text)
    _init_user_alloc                         0x00000847   Thumb Code     2  init_alloc.o(.text)
    __Heap_Full                              0x00000849   Thumb Code    34  init_alloc.o(.text)
    __Heap_Broken                            0x0000086b   Thumb Code     6  init_alloc.o(.text)
    _init_alloc                              0x00000871   Thumb Code    94  init_alloc.o(.text)
    malloc                                   0x000008cf   Thumb Code    94  h1_alloc.o(.text)
    _printf_int_common                       0x0000092d   Thumb Code   178  _printf_intcommon.o(.text)
    _printf_char_common                      0x000009eb   Thumb Code    32  _printf_char_common.o(.text)
    _printf_cs_common                        0x00000a11   Thumb Code    20  _printf_char.o(.text)
    _printf_char                             0x00000a25   Thumb Code    16  _printf_char.o(.text)
    _printf_string                           0x00000a35   Thumb Code     8  _printf_char.o(.text)
    _printf_char_file                        0x00000a3d   Thumb Code    32  _printf_char_file.o(.text)
    __user_libspace                          0x00000a61   Thumb Code     8  libspace.o(.text)
    __user_perproc_libspace                  0x00000a61   Thumb Code     0  libspace.o(.text)
    __user_perthread_libspace                0x00000a61   Thumb Code     0  libspace.o(.text)
    __Heap_Initialize                        0x00000a69   Thumb Code    10  h1_init.o(.text)
    __Heap_DescSize                          0x00000a73   Thumb Code     4  h1_init.o(.text)
    __Heap_ProvideMemory                     0x00000a77   Thumb Code    52  h1_extend.o(.text)
    ferror                                   0x00000aab   Thumb Code     8  ferror.o(.text)
    _initio                                  0x00000ab5   Thumb Code   210  initio.o(.text)
    _terminateio                             0x00000b87   Thumb Code    56  initio.o(.text)
    __rt_SIGRTMEM                            0x00000bed   Thumb Code    14  defsig_rtmem_outer.o(.text)
    _sys_open                                0x00000bfb   Thumb Code    20  sys_io.o(.text)
    _sys_close                               0x00000c0f   Thumb Code    12  sys_io.o(.text)
    _sys_write                               0x00000c1b   Thumb Code    16  sys_io.o(.text)
    _sys_read                                0x00000c2b   Thumb Code    14  sys_io.o(.text)
    _sys_istty                               0x00000c39   Thumb Code    12  sys_io.o(.text)
    _sys_seek                                0x00000c45   Thumb Code    14  sys_io.o(.text)
    _sys_ensure                              0x00000c53   Thumb Code     2  sys_io.o(.text)
    _sys_flen                                0x00000c55   Thumb Code    12  sys_io.o(.text)
    __user_setup_stackheap                   0x00000c61   Thumb Code    74  sys_stackheap_outer.o(.text)
    setvbuf                                  0x00000cab   Thumb Code    70  setvbuf.o(.text)
    freopen                                  0x00000cf1   Thumb Code   158  fopen.o(.text)
    fopen                                    0x00000d8f   Thumb Code    74  fopen.o(.text)
    _fclose_internal                         0x00000ddd   Thumb Code    76  fclose.o(.text)
    fclose                                   0x00000ddd   Thumb Code     0  fclose.o(.text)
    exit                                     0x00000e29   Thumb Code    18  exit.o(.text)
    __sig_exit                               0x00000e3b   Thumb Code    10  defsig_exit.o(.text)
    __rt_SIGRTRED                            0x00000e45   Thumb Code    14  defsig_rtred_outer.o(.text)
    __rt_SIGRTMEM_inner                      0x00000e55   Thumb Code    22  defsig_rtmem_inner.o(.text)
    _sys_exit                                0x00000ea5   Thumb Code     8  sys_exit.o(.text)
    __I$use$semihosting                      0x00000eb1   Thumb Code     0  use_no_semi.o(.text)
    __use_no_semihosting_swi                 0x00000eb1   Thumb Code     2  use_no_semi.o(.text)
    __semihosting_library_function           0x00000eb3   Thumb Code     0  indicate_semi.o(.text)
    _fseek                                   0x00000eb5   Thumb Code   242  fseek.o(.text)
    fseek                                    0x00000eb5   Thumb Code     0  fseek.o(.text)
    _seterr                                  0x00000fad   Thumb Code    20  stdio.o(.text)
    _writebuf                                0x00000fc1   Thumb Code    84  stdio.o(.text)
    _fflush                                  0x00001015   Thumb Code    70  stdio.o(.text)
    _deferredlazyseek                        0x0000105b   Thumb Code    60  stdio.o(.text)
    __default_signal_display                 0x0000109d   Thumb Code    50  defsig_general.o(.text)
    __rt_SIGRTRED_inner                      0x000010d1   Thumb Code    14  defsig_rtred_inner.o(.text)
    strlen                                   0x00001105   Thumb Code    62  strlen.o(.text)
    _ttywrch                                 0x00001143   Thumb Code    14  sys_wrch.o(.text)
    _ftell_internal                          0x00001151   Thumb Code    66  ftell.o(.text)
    ftell                                    0x00001151   Thumb Code     0  ftell.o(.text)
    __aeabi_errno_addr                       0x00001195   Thumb Code     8  rt_errno_addr_intlibspace.o(.text)
    __errno$intlibspace                      0x00001195   Thumb Code     0  rt_errno_addr_intlibspace.o(.text)
    __rt_errno_addr$intlibspace              0x00001195   Thumb Code     0  rt_errno_addr_intlibspace.o(.text)
    LOS_IntNumGet                            0x0000119d   Thumb Code     0  los_dispatch_keil.o(KERNEL)
    osDisableIRQ                             0x000011a3   Thumb Code     0  los_dispatch_keil.o(KERNEL)
    LOS_IntLock                              0x000011a7   Thumb Code     0  los_dispatch_keil.o(KERNEL)
    LOS_IntUnLock                            0x000011af   Thumb Code     0  los_dispatch_keil.o(KERNEL)
    LOS_IntRestore                           0x000011b7   Thumb Code     0  los_dispatch_keil.o(KERNEL)
    osTaskSchedule                           0x000011bd   Thumb Code     0  los_dispatch_keil.o(KERNEL)
    PendSV_Handler                           0x000011c7   Thumb Code     0  los_dispatch_keil.o(KERNEL)
    BSP_KEY_Get                              0x00001225   Thumb Code    16  los_bsp_key.o(i.BSP_KEY_Get)
    BSP_KEY_Init                             0x00001239   Thumb Code    20  los_bsp_key.o(i.BSP_KEY_Init)
    BSP_LED_Init                             0x00001259   Thumb Code    90  los_bsp_led.o(i.BSP_LED_Init)
    BSP_LED_Off                              0x000012bd   Thumb Code    50  los_bsp_led.o(i.BSP_LED_Off)
    BSP_LED_On                               0x000012f5   Thumb Code    50  los_bsp_led.o(i.BSP_LED_On)
    BSP_UART_Init                            0x0000132d   Thumb Code    56  los_bsp_uart.o(i.BSP_UART_Init)
    Example_Dyn_Mem                          0x00001371   Thumb Code   134  los_api_dynamic_mem.o(i.Example_Dyn_Mem)
    Example_Event                            0x00001481   Thumb Code    62  los_api_event.o(i.Example_Event)
    Example_GetTick                          0x00001529   Thumb Code   126  los_api_systick.o(i.Example_GetTick)
    Example_MsgQueue                         0x00001601   Thumb Code   130  los_api_msgqueue.o(i.Example_MsgQueue)
    Example_MutexLock                        0x00001721   Thumb Code   184  los_api_mutex.o(i.Example_MutexLock)
    Example_MutexTask1                       0x00001865   Thumb Code    94  los_api_mutex.o(i.Example_MutexTask1)
    Example_MutexTask2                       0x0000197d   Thumb Code    62  los_api_mutex.o(i.Example_MutexTask2)
    Example_SemTask1                         0x00001a61   Thumb Code    88  los_api_sem.o(i.Example_SemTask1)
    Example_SemTask2                         0x00001b41   Thumb Code    52  los_api_sem.o(i.Example_SemTask2)
    Example_Semphore                         0x00001c19   Thumb Code   204  los_api_sem.o(i.Example_Semphore)
    Example_SndRcvEvent                      0x00001d71   Thumb Code   162  los_api_event.o(i.Example_SndRcvEvent)
    Example_StaticMem                        0x00001ec5   Thumb Code   144  los_api_static_mem.o(i.Example_StaticMem)
    Example_TaskHi                           0x00002009   Thumb Code   102  los_api_task.o(i.Example_TaskHi)
    Example_TaskLo                           0x0000211d   Thumb Code    88  los_api_task.o(i.Example_TaskLo)
    Example_TskCaseEntry                     0x00002201   Thumb Code   152  los_api_task.o(i.Example_TskCaseEntry)
    Example_list                             0x0000237d   Thumb Code   232  los_api_list.o(i.Example_list)
    Example_swTimer                          0x00002511   Thumb Code   148  los_api_timer.o(i.Example_swTimer)
    LOS_Align                                0x00002619   Thumb Code    28  los_misc.o(i.LOS_Align)
    LOS_CyclePerTickGet                      0x00002635   Thumb Code     6  los_sys.o(i.LOS_CyclePerTickGet)
    LOS_DLnkInitMultiHead                    0x0000263b   Thumb Code    30  los_multipledlinkhead.o(i.LOS_DLnkInitMultiHead)
    LOS_DLnkMultiHead                        0x00002659   Thumb Code    42  los_multipledlinkhead.o(i.LOS_DLnkMultiHead)
    LOS_EnableTick                           0x00002683   Thumb Code    18  los_config.o(i.LOS_EnableTick)
    LOS_EvbGetKeyVal                         0x00002695   Thumb Code    20  los_bsp_key.o(i.LOS_EvbGetKeyVal)
    LOS_EvbKeyInit                           0x000026a9   Thumb Code     8  los_bsp_key.o(i.LOS_EvbKeyInit)
    LOS_EvbLedControl                        0x000026b1   Thumb Code    62  los_bsp_led.o(i.LOS_EvbLedControl)
    LOS_EvbLedInit                           0x000026ef   Thumb Code    16  los_bsp_led.o(i.LOS_EvbLedInit)
    LOS_EvbSetup                             0x000026ff   Thumb Code    16  los_bsp_adapter.o(i.LOS_EvbSetup)
    LOS_EvbUartInit                          0x0000270f   Thumb Code     8  los_bsp_uart.o(i.LOS_EvbUartInit)
    LOS_EventClear                           0x00002719   Thumb Code    34  los_event.o(i.LOS_EventClear)
    LOS_EventInit                            0x00002741   Thumb Code    24  los_event.o(i.LOS_EventInit)
    LOS_EventPoll                            0x0000275d   Thumb Code    80  los_event.o(i.LOS_EventPoll)
    LOS_EventRead                            0x000027ad   Thumb Code   330  los_event.o(i.LOS_EventRead)
    LOS_EventWrite                           0x00002909   Thumb Code   244  los_event.o(i.LOS_EventWrite)
    LOS_InspectByID                          0x00002a01   Thumb Code   204  los_inspect_entry.o(i.LOS_InspectByID)
    LOS_InspectStatusSetByID                 0x00002b65   Thumb Code    64  los_inspect_entry.o(i.LOS_InspectStatusSetByID)
    LOS_Inspect_Entry                        0x00002bc5   Thumb Code    52  los_inspect_entry.o(i.LOS_Inspect_Entry)
    LOS_Inspect_TskDeal                      0x00002c65   Thumb Code    80  los_inspect_entry.o(i.LOS_Inspect_TskDeal)
    LOS_KernelInit                           0x00002d31   Thumb Code    18  los_config.o(i.LOS_KernelInit)
    LOS_MemAlloc                             0x00002fb5   Thumb Code    58  los_memory.o(i.LOS_MemAlloc)
    LOS_MemAllocAlign                        0x00002fef   Thumb Code   108  los_memory.o(i.LOS_MemAllocAlign)
    LOS_MemFree                              0x0000305b   Thumb Code    84  los_memory.o(i.LOS_MemFree)
    LOS_MemInit                              0x000030af   Thumb Code   166  los_memory.o(i.LOS_MemInit)
    LOS_MemboxAlloc                          0x00003155   Thumb Code    60  los_membox.o(i.LOS_MemboxAlloc)
    LOS_MemboxClr                            0x00003195   Thumb Code    28  los_membox.o(i.LOS_MemboxClr)
    LOS_MemboxFree                           0x000031b1   Thumb Code   158  los_membox.o(i.LOS_MemboxFree)
    LOS_MemboxInit                           0x00003255   Thumb Code   128  los_membox.o(i.LOS_MemboxInit)
    LOS_MuxCreate                            0x000032d5   Thumb Code    90  los_mux.o(i.LOS_MuxCreate)
    LOS_MuxDelete                            0x00003339   Thumb Code    90  los_mux.o(i.LOS_MuxDelete)
    LOS_MuxPend                              0x000033a1   Thumb Code   308  los_mux.o(i.LOS_MuxPend)
    LOS_MuxPost                              0x000034e9   Thumb Code   238  los_mux.o(i.LOS_MuxPost)
    LOS_PriqueueDequeue                      0x000035e9   Thumb Code    24  los_priqueue.o(i.LOS_PriqueueDequeue)
    LOS_PriqueueEnqueue                      0x00003601   Thumb Code    32  los_priqueue.o(i.LOS_PriqueueEnqueue)
    LOS_PriqueueSize                         0x00003625   Thumb Code    36  los_priqueue.o(i.LOS_PriqueueSize)
    LOS_PriqueueTop                          0x0000364d   Thumb Code    54  los_priqueue.o(i.LOS_PriqueueTop)
    LOS_QueueCreate                          0x00003689   Thumb Code   118  los_queue.o(i.LOS_QueueCreate)
    LOS_QueueDelete                          0x00003705   Thumb Code   162  los_queue.o(i.LOS_QueueDelete)
    LOS_QueueRead                            0x000037b5   Thumb Code   282  los_queue.o(i.LOS_QueueRead)
    LOS_QueueWrite                           0x000038e5   Thumb Code   296  los_queue.o(i.LOS_QueueWrite)
    LOS_Schedule                             0x00003a21   Thumb Code    56  los_hw.o(i.LOS_Schedule)
    LOS_SemCreate                            0x00003a61   Thumb Code    98  los_sem.o(i.LOS_SemCreate)
    LOS_SemDelete                            0x00003acd   Thumb Code    82  los_sem.o(i.LOS_SemDelete)
    LOS_SemPend                              0x00003b2d   Thumb Code   236  los_sem.o(i.LOS_SemPend)
    LOS_SemPost                              0x00003c2d   Thumb Code   176  los_sem.o(i.LOS_SemPost)
    LOS_SetTickSycle                         0x00003ce5   Thumb Code     6  los_hw_tick.o(i.LOS_SetTickSycle)
    LOS_Start                                0x00003cf1   Thumb Code    12  los_config.o(i.LOS_Start)
    LOS_SwtmrCreate                          0x00003cfd   Thumb Code   130  los_swtmr.o(i.LOS_SwtmrCreate)
    LOS_SwtmrDelete                          0x00003d89   Thumb Code   118  los_swtmr.o(i.LOS_SwtmrDelete)
    LOS_SwtmrStart                           0x00003e09   Thumb Code   118  los_swtmr.o(i.LOS_SwtmrStart)
    LOS_SwtmrStop                            0x00003e89   Thumb Code   116  los_swtmr.o(i.LOS_SwtmrStop)
    LOS_TaskCreate                           0x00003f05   Thumb Code   140  los_task.o(i.LOS_TaskCreate)
    LOS_TaskCreateOnly                       0x00003fa1   Thumb Code   368  los_task.o(i.LOS_TaskCreateOnly)
    LOS_TaskDelay                            0x00004125   Thumb Code   106  los_task.o(i.LOS_TaskDelay)
    LOS_TaskDelete                           0x000041a5   Thumb Code   320  los_task.o(i.LOS_TaskDelete)
    LOS_TaskLock                             0x0000430d   Thumb Code    26  los_task.o(i.LOS_TaskLock)
    LOS_TaskResume                           0x0000432d   Thumb Code   158  los_task.o(i.LOS_TaskResume)
    LOS_TaskSuspend                          0x000043dd   Thumb Code   196  los_task.o(i.LOS_TaskSuspend)
    LOS_TaskUnlock                           0x000044c1   Thumb Code    54  los_task.o(i.LOS_TaskUnlock)
    LOS_TaskYield                            0x000044fd   Thumb Code   118  los_task.o(i.LOS_TaskYield)
    LOS_TickCountGet                         0x00004581   Thumb Code     6  los_sys.o(i.LOS_TickCountGet)
    LOS_TickHandler                          0x0000458d   Thumb Code    52  los_hw_tick.o(i.LOS_TickHandler)
    LosAdapIntInit                           0x000045c5   Thumb Code     2  los_bsp_adapter.o(i.LosAdapIntInit)
    SysTick_Handler                          0x000045c7   Thumb Code     8  los_bsp_adapter.o(i.SysTick_Handler)
    Timer1_Callback                          0x000045d1   Thumb Code    40  los_api_timer.o(i.Timer1_Callback)
    Timer2_Callback                          0x00004621   Thumb Code    48  los_api_timer.o(i.Timer2_Callback)
    UART0IntHandler                          0x00004679   Thumb Code    20  los_bsp_uart.o(i.UART0IntHandler)
    _is_digit                                0x00004695   Thumb Code    14  __printf_wp.o(i._is_digit)
    fputc                                    0x000046a5   Thumb Code    32  los_bsp_uart.o(i.fputc)
    main                                     0x000046c9   Thumb Code    34  main.o(i.main)
    osHwiDefaultHandler                      0x000046eb   Thumb Code     8  los_hwi.o(i.osHwiDefaultHandler)
    osHwiInit                                0x000046f5   Thumb Code    26  los_hwi.o(i.osHwiInit)
    osIdleTask                               0x00004719   Thumb Code     4  los_task.o(i.osIdleTask)
    osIdleTaskCreate                         0x0000471d   Thumb Code    54  los_task.o(i.osIdleTaskCreate)
    osIntNumGet                              0x00004769   Thumb Code    12  los_hwi.o(i.osIntNumGet)
    osMain                                   0x00004775   Thumb Code   108  los_config.o(i.osMain)
    osMemSystemInit                          0x00004ab9   Thumb Code    26  los_memory.o(i.osMemSystemInit)
    osMuxInit                                0x00004add   Thumb Code    74  los_mux.o(i.osMuxInit)
    osPriqueueInit                           0x00004b39   Thumb Code    64  los_priqueue.o(i.osPriqueueInit)
    osQueueCreate                            0x00004b81   Thumb Code   100  los_queue.o(i.osQueueCreate)
    osQueueInit                              0x00004bf1   Thumb Code    44  los_queue.o(i.osQueueInit)
    osRegister                               0x00004d09   Thumb Code    14  los_config.o(i.osRegister)
    osSchedule                               0x00004d25   Thumb Code     8  los_hw.o(i.osSchedule)
    osSemInit                                0x00004d2d   Thumb Code    70  los_sem.o(i.osSemInit)
    osSwTmrInit                              0x00004d85   Thumb Code   142  los_swtmr.o(i.osSwTmrInit)
    osSwTmrStart                             0x00004e31   Thumb Code    92  los_swtmr.o(i.osSwTmrStart)
    osSwTmrTask                              0x00004e91   Thumb Code    70  los_swtmr.o(i.osSwTmrTask)
    osSwTmrTaskCreate                        0x00004ee1   Thumb Code    52  los_swtmr.o(i.osSwTmrTaskCreate)
    osSwtmrScan                              0x00004fc9   Thumb Code    32  los_swtmr.o(i.osSwtmrScan)
    osSwtmrStop                              0x00004fed   Thumb Code    66  los_swtmr.o(i.osSwtmrStop)
    osTaskAdd2TimerList                      0x00005035   Thumb Code   188  los_task.o(i.osTaskAdd2TimerList)
    osTaskEntry                              0x000050f5   Thumb Code   154  los_task.o(i.osTaskEntry)
    osTaskExit                               0x00005199   Thumb Code     8  los_hw.o(i.osTaskExit)
    osTaskInit                               0x000051a1   Thumb Code   258  los_task.o(i.osTaskInit)
    osTaskMemUsedDec                         0x000052c9   Thumb Code    40  los_memstat.o(i.osTaskMemUsedDec)
    osTaskMemUsedInc                         0x000052fd   Thumb Code    48  los_memstat.o(i.osTaskMemUsedInc)
    osTaskPriModify                          0x00005339   Thumb Code    56  los_task.o(i.osTaskPriModify)
    osTaskScan                               0x00005371   Thumb Code   214  los_task.o(i.osTaskScan)
    osTaskSelfDelete                         0x0000544d   Thumb Code   236  los_task.o(i.osTaskSelfDelete)
    osTickHandler                            0x00005549   Thumb Code    34  los_tick.o(i.osTickHandler)
    osTickStart                              0x00005571   Thumb Code    54  los_bsp_adapter.o(i.osTickStart)
    osTimerListDelete                        0x000055b1   Thumb Code    66  los_task.o(i.osTimerListDelete)
    osTimesliceCheck                         0x000055f9   Thumb Code    64  los_timeslice.o(i.osTimesliceCheck)
    osTimesliceInit                          0x00005645   Thumb Code    12  los_timeslice.o(i.osTimesliceInit)
    osTskStackInit                           0x00005655   Thumb Code   128  los_hw.o(i.osTskStackInit)
    recv_Entry                               0x000056dd   Thumb Code   120  los_api_msgqueue.o(i.recv_Entry)
    send_Entry                               0x000057a9   Thumb Code    76  los_api_msgqueue.o(i.send_Entry)
    sys_clk_freq                             0x0000581c   Data           4  los_bsp_adapter.o(.constdata)
    tick_per_second                          0x00005820   Data           4  los_bsp_adapter.o(.constdata)
    g_use_ram_vect                           0x00005824   Data           1  los_bsp_adapter.o(.constdata)
    __stdin_name                             0x0000585e   Data           4  sys_io.o(.constdata)
    __stdout_name                            0x00005862   Data           4  sys_io.o(.constdata)
    __stderr_name                            0x00005866   Data           4  sys_io.o(.constdata)
    Region$$Table$$Base                      0x000058b0   Number         0  anon$$obj.o(Region$$Table)
    Region$$Table$$Limit                     0x000058d0   Number         0  anon$$obj.o(Region$$Table)
    __ccfg                                   0x0001ffa8   Data          88  ccfg.o(.ccfg)
    g_pstLosPriorityQueueList                0x20000000   Data           4  los_priqueue.o(.data)
    m_uwSwTmrHandlerQueue                    0x20000004   Data           4  los_swtmr.o(.data)
    m_pstSwtmrCBArray                        0x20000008   Data           4  los_swtmr.o(.data)
    m_pstSwtmrFreeList                       0x2000000c   Data           4  los_swtmr.o(.data)
    m_pstSwtmrSortList                       0x20000010   Data           4  los_swtmr.o(.data)
    g_pstTaskCBArray                         0x20000014   Data           4  los_task.o(.data)
    g_stLosTask                              0x20000018   Data           8  los_task.o(.data)
    g_usLosTaskLock                          0x20000020   Data           2  los_task.o(.data)
    g_uwTskMaxNum                            0x20000024   Data           4  los_task.o(.data)
    g_uwIdleTaskID                           0x20000028   Data           4  los_task.o(.data)
    g_uwSwtmrTaskID                          0x2000002c   Data           4  los_task.o(.data)
    g_stTaskTimerList                        0x20000030   Data           8  los_task.o(.data)
    g_stLosFreeTask                          0x20000038   Data           8  los_task.o(.data)
    g_stTskRecyleList                        0x20000040   Data           8  los_task.o(.data)
    g_stTskSortLink                          0x20000048   Data           8  los_task.o(.data)
    g_bTaskScheduled                         0x20000050   Data           4  los_task.o(.data)
    g_pfnTskSwitchHook                       0x20000054   Data           4  los_task.o(.data)
    g_ullTickCount                           0x20000058   Data           8  los_tick.o(.data)
    g_uwTicksPerSec                          0x20000060   Data           4  los_tick.o(.data)
    g_uwCyclePerSec                          0x20000064   Data           4  los_tick.o(.data)
    g_stTaskTimeSlice                        0x20000068   Data           8  los_timeslice.o(.data)
    g_pstAllMux                              0x20000070   Data           4  los_mux.o(.data)
    g_stUnusedMuxList                        0x20000074   Data           8  los_mux.o(.data)
    g_pstAllQueue                            0x2000007c   Data           4  los_queue.o(.data)
    g_stUnusedSemList                        0x20000080   Data           8  los_sem.o(.data)
    g_pstAllSem                              0x20000088   Data           4  los_sem.o(.data)
    m_aucSysMem0                             0x2000008c   Data           4  los_config.o(.data)
    g_sys_mem_addr_end                       0x20000090   Data           4  los_config.o(.data)
    g_uwCyclesPerTick                        0x20000094   Data           4  los_hw_tick.o(.data)
    g_vuwIntCount                            0x20000098   Data           4  los_hwi.o(.data)
    byte                                     0x200000a0   Data           1  los_bsp_uart.o(.data)
    g_TestTaskID                             0x200000a4   Data           4  los_api_event.o(.data)
    g_uweventTaskID                          0x200000a8   Data           4  los_api_event.o(.data)
    abuf                                     0x200000b0   Data          18  los_api_msgqueue.o(.data)
    g_Testmux01                              0x200000c4   Data           4  los_api_mutex.o(.data)
    g_TestTaskID01                           0x200000c8   Data           4  los_api_mutex.o(.data)
    g_TestTaskID02                           0x200000cc   Data           4  los_api_mutex.o(.data)
    g_uwTskHiID                              0x200000dc   Data           4  los_api_task.o(.data)
    g_uwTskLoID                              0x200000e0   Data           4  los_api_task.o(.data)
    g_timercount1                            0x200000e4   Data           4  los_api_timer.o(.data)
    g_timercount2                            0x200000e8   Data           4  los_api_timer.o(.data)
    __aeabi_stdin                            0x20000194   Data           4  stdio_streams.o(.data)
    __aeabi_stdout                           0x20000198   Data           4  stdio_streams.o(.data)
    __aeabi_stderr                           0x2000019c   Data           4  stdio_streams.o(.data)
    m_pstHwiForm                             0x200001a0   Data        1024  los_hwi.o(.vector.bss)
    m_aucSwTmrHandlerPool                    0x200005a0   Data         100  los_swtmr.o(.bss)
    g_ucMemStart                             0x20000604   Data       10240  los_memory.o(.bss)
    g_TskMemUsedInfo                         0x20002e04   Data          32  los_memstat.o(.bss)
    example_event                            0x20002e24   Data          12  los_api_event.o(.bss)
    pBoxMem                                  0x20002e30   Data         600  los_api_static_mem.o(.bss)
    __stdin                                  0x20003088   Data          84  stdio_streams.o(.bss)
    __stdout                                 0x200030dc   Data          84  stdio_streams.o(.bss)
    __stderr                                 0x20003130   Data          84  stdio_streams.o(.bss)
    __libspace_start                         0x20003184   Data          96  libspace.o(.bss)
    __temporary_stack_top$libspace           0x200031e4   Data           0  libspace.o(.bss)



==============================================================================

Memory Map of the image

  Image Entry point : 0x000000c9

  Load Region LR_IROM1 (Base: 0x00000000, Size: 0x00005e70, Max: 0x00020000, ABSOLUTE, COMPRESSED[0x00005970])

    Execution Region ER_IROM1 (Base: 0x00000000, Size: 0x000058d0, Max: 0x00020000, ABSOLUTE)

    Base Addr    Size         Type   Attr      Idx    E Section Name        Object

    0x00000000   0x000000c8   Data   RO         1842    RESET               startup_keil.o
    0x000000c8   0x00000008   Code   RO         2419  * !!!main             c_w.l(__main.o)
    0x000000d0   0x00000034   Code   RO         2817    !!!scatter          c_w.l(__scatter.o)
    0x00000104   0x0000005a   Code   RO         2815    !!dczerorl2         c_w.l(__dczerorl2.o)
    0x0000015e   0x00000002   PAD
    0x00000160   0x0000001c   Code   RO         2819    !!handler_zi        c_w.l(__scatter_zi.o)
    0x0000017c   0x00000000   Code   RO         2410    .ARM.Collect$$_printf_percent$$00000000  c_w.l(_printf_percent.o)
    0x0000017c   0x00000006   Code   RO         2408    .ARM.Collect$$_printf_percent$$00000009  c_w.l(_printf_d.o)
    0x00000182   0x00000006   Code   RO         2409    .ARM.Collect$$_printf_percent$$0000000A  c_w.l(_printf_u.o)
    0x00000188   0x00000006   Code   RO         2407    .ARM.Collect$$_printf_percent$$0000000C  c_w.l(_printf_x.o)
    0x0000018e   0x00000006   Code   RO         2406    .ARM.Collect$$_printf_percent$$00000014  c_w.l(_printf_s.o)
    0x00000194   0x00000004   Code   RO         2503    .ARM.Collect$$_printf_percent$$00000017  c_w.l(_printf_percent_end.o)
    0x00000198   0x00000002   Code   RO         2723    .ARM.Collect$$libinit$$00000000  c_w.l(libinit.o)
    0x0000019a   0x00000000   Code   RO         2595    .ARM.Collect$$libinit$$00000002  c_w.l(libinit2.o)
    0x0000019a   0x00000000   Code   RO         2597    .ARM.Collect$$libinit$$00000004  c_w.l(libinit2.o)
    0x0000019a   0x00000008   Code   RO         2598    .ARM.Collect$$libinit$$00000005  c_w.l(libinit2.o)
    0x000001a2   0x00000000   Code   RO         2600    .ARM.Collect$$libinit$$0000000A  c_w.l(libinit2.o)
    0x000001a2   0x00000000   Code   RO         2602    .ARM.Collect$$libinit$$0000000C  c_w.l(libinit2.o)
    0x000001a2   0x00000000   Code   RO         2604    .ARM.Collect$$libinit$$0000000E  c_w.l(libinit2.o)
    0x000001a2   0x00000000   Code   RO         2607    .ARM.Collect$$libinit$$00000011  c_w.l(libinit2.o)
    0x000001a2   0x00000000   Code   RO         2609    .ARM.Collect$$libinit$$00000013  c_w.l(libinit2.o)
    0x000001a2   0x00000000   Code   RO         2611    .ARM.Collect$$libinit$$00000015  c_w.l(libinit2.o)
    0x000001a2   0x00000000   Code   RO         2613    .ARM.Collect$$libinit$$00000017  c_w.l(libinit2.o)
    0x000001a2   0x00000000   Code   RO         2615    .ARM.Collect$$libinit$$00000019  c_w.l(libinit2.o)
    0x000001a2   0x00000000   Code   RO         2617    .ARM.Collect$$libinit$$0000001B  c_w.l(libinit2.o)
    0x000001a2   0x00000000   Code   RO         2619    .ARM.Collect$$libinit$$0000001D  c_w.l(libinit2.o)
    0x000001a2   0x00000000   Code   RO         2621    .ARM.Collect$$libinit$$0000001F  c_w.l(libinit2.o)
    0x000001a2   0x00000000   Code   RO         2623    .ARM.Collect$$libinit$$00000021  c_w.l(libinit2.o)
    0x000001a2   0x00000000   Code   RO         2625    .ARM.Collect$$libinit$$00000023  c_w.l(libinit2.o)
    0x000001a2   0x00000004   Code   RO         2626    .ARM.Collect$$libinit$$00000024  c_w.l(libinit2.o)
    0x000001a6   0x00000000   Code   RO         2627    .ARM.Collect$$libinit$$00000025  c_w.l(libinit2.o)
    0x000001a6   0x00000000   Code   RO         2631    .ARM.Collect$$libinit$$0000002C  c_w.l(libinit2.o)
    0x000001a6   0x00000000   Code   RO         2633    .ARM.Collect$$libinit$$0000002E  c_w.l(libinit2.o)
    0x000001a6   0x00000000   Code   RO         2635    .ARM.Collect$$libinit$$00000030  c_w.l(libinit2.o)
    0x000001a6   0x00000000   Code   RO         2637    .ARM.Collect$$libinit$$00000032  c_w.l(libinit2.o)
    0x000001a6   0x00000002   Code   RO         2638    .ARM.Collect$$libinit$$00000033  c_w.l(libinit2.o)
    0x000001a8   0x00000002   Code   RO         2812    .ARM.Collect$$libshutdown$$00000000  c_w.l(libshutdown.o)
    0x000001aa   0x00000000   Code   RO         2725    .ARM.Collect$$libshutdown$$00000002  c_w.l(libshutdown2.o)
    0x000001aa   0x00000004   Code   RO         2726    .ARM.Collect$$libshutdown$$00000003  c_w.l(libshutdown2.o)
    0x000001ae   0x00000000   Code   RO         2727    .ARM.Collect$$libshutdown$$00000004  c_w.l(libshutdown2.o)
    0x000001ae   0x00000000   Code   RO         2730    .ARM.Collect$$libshutdown$$00000007  c_w.l(libshutdown2.o)
    0x000001ae   0x00000000   Code   RO         2733    .ARM.Collect$$libshutdown$$0000000A  c_w.l(libshutdown2.o)
    0x000001ae   0x00000000   Code   RO         2735    .ARM.Collect$$libshutdown$$0000000C  c_w.l(libshutdown2.o)
    0x000001ae   0x00000000   Code   RO         2738    .ARM.Collect$$libshutdown$$0000000F  c_w.l(libshutdown2.o)
    0x000001ae   0x00000002   Code   RO         2739    .ARM.Collect$$libshutdown$$00000010  c_w.l(libshutdown2.o)
    0x000001b0   0x00000000   Code   RO         2435    .ARM.Collect$$rtentry$$00000000  c_w.l(__rtentry.o)
    0x000001b0   0x00000000   Code   RO         2538    .ARM.Collect$$rtentry$$00000002  c_w.l(__rtentry2.o)
    0x000001b0   0x00000006   Code   RO         2550    .ARM.Collect$$rtentry$$00000004  c_w.l(__rtentry4.o)
    0x000001b6   0x00000000   Code   RO         2540    .ARM.Collect$$rtentry$$00000009  c_w.l(__rtentry2.o)
    0x000001b6   0x00000004   Code   RO         2541    .ARM.Collect$$rtentry$$0000000A  c_w.l(__rtentry2.o)
    0x000001ba   0x00000000   Code   RO         2543    .ARM.Collect$$rtentry$$0000000C  c_w.l(__rtentry2.o)
    0x000001ba   0x00000008   Code   RO         2544    .ARM.Collect$$rtentry$$0000000D  c_w.l(__rtentry2.o)
    0x000001c2   0x00000002   Code   RO         2751    .ARM.Collect$$rtexit$$00000000  c_w.l(rtexit.o)
    0x000001c4   0x00000000   Code   RO         2783    .ARM.Collect$$rtexit$$00000002  c_w.l(rtexit2.o)
    0x000001c4   0x00000004   Code   RO         2784    .ARM.Collect$$rtexit$$00000003  c_w.l(rtexit2.o)
    0x000001c8   0x00000006   Code   RO         2785    .ARM.Collect$$rtexit$$00000004  c_w.l(rtexit2.o)
    0x000001ce   0x00000002   PAD
    0x000001d0   0x00000000   Code   RO         2554    .emb_text           c_w.l(maybetermalloc1.o)
    0x000001d0   0x0000005c   Code   RO         1279    .text               los_dispatch_keil.o
    0x0000022c   0x00000044   Code   RO         1843    .text               startup_keil.o
    0x00000270   0x0000013c   Code   RO         2288    .text               driverlib.lib(setup.o)
    0x000003ac   0x000000a4   Code   RO         2291    .text               driverlib.lib(chipinfo.o)
    0x00000450   0x0000004e   Code   RO         2297    .text               c_w.l(h1_free.o)
    0x0000049e   0x00000002   PAD
    0x000004a0   0x00000018   Code   RO         2355    .text               c_w.l(__2printf.o)
    0x000004b8   0x00000052   Code   RO         2361    .text               c_w.l(_printf_str.o)
    0x0000050a   0x00000002   PAD
    0x0000050c   0x00000078   Code   RO         2363    .text               c_w.l(_printf_dec.o)
    0x00000584   0x00000094   Code   RO         2383    .text               c_w.l(_printf_hex_int_ll_ptr.o)
    0x00000618   0x00000188   Code   RO         2403    .text               c_w.l(__printf_flags_ss_wp.o)
    0x000007a0   0x00000044   Code   RO         2413    .text               c_w.l(rt_memclr.o)
    0x000007e4   0x0000004e   Code   RO         2415    .text               c_w.l(rt_memclr_w.o)
    0x00000832   0x00000006   Code   RO         2417    .text               c_w.l(heapauxi.o)
    0x00000838   0x00000008   Code   RO         2443    .text               c_w.l(rt_heap_descriptor_intlibspace.o)
    0x00000840   0x00000004   Code   RO         2445    .text               c_w.l(hguard.o)
    0x00000844   0x0000008a   Code   RO         2447    .text               c_w.l(init_alloc.o)
    0x000008ce   0x0000005e   Code   RO         2453    .text               c_w.l(h1_alloc.o)
    0x0000092c   0x000000b2   Code   RO         2471    .text               c_w.l(_printf_intcommon.o)
    0x000009de   0x00000002   PAD
    0x000009e0   0x00000030   Code   RO         2475    .text               c_w.l(_printf_char_common.o)
    0x00000a10   0x0000002c   Code   RO         2479    .text               c_w.l(_printf_char.o)
    0x00000a3c   0x00000024   Code   RO         2481    .text               c_w.l(_printf_char_file.o)
    0x00000a60   0x00000008   Code   RO         2534    .text               c_w.l(libspace.o)
    0x00000a68   0x0000000e   Code   RO         2556    .text               c_w.l(h1_init.o)
    0x00000a76   0x00000034   Code   RO         2558    .text               c_w.l(h1_extend.o)
    0x00000aaa   0x00000008   Code   RO         2575    .text               c_w.l(ferror.o)
    0x00000ab2   0x00000002   PAD
    0x00000ab4   0x00000138   Code   RO         2577    .text               c_w.l(initio.o)
    0x00000bec   0x0000000e   Code   RO         2585    .text               c_w.l(defsig_rtmem_outer.o)
    0x00000bfa   0x00000066   Code   RO         2639    .text               c_w.l(sys_io.o)
    0x00000c60   0x0000004a   Code   RO         2646    .text               c_w.l(sys_stackheap_outer.o)
    0x00000caa   0x00000046   Code   RO         2688    .text               c_w.l(setvbuf.o)
    0x00000cf0   0x000000ec   Code   RO         2691    .text               c_w.l(fopen.o)
    0x00000ddc   0x0000004c   Code   RO         2693    .text               c_w.l(fclose.o)
    0x00000e28   0x00000012   Code   RO         2702    .text               c_w.l(exit.o)
    0x00000e3a   0x0000000a   Code   RO         2704    .text               c_w.l(defsig_exit.o)
    0x00000e44   0x0000000e   Code   RO         2710    .text               c_w.l(defsig_rtred_outer.o)
    0x00000e52   0x00000002   PAD
    0x00000e54   0x00000050   Code   RO         2714    .text               c_w.l(defsig_rtmem_inner.o)
    0x00000ea4   0x0000000c   Code   RO         2746    .text               c_w.l(sys_exit.o)
    0x00000eb0   0x00000002   Code   RO         2748    .text               c_w.l(use_no_semi.o)
    0x00000eb2   0x00000000   Code   RO         2750    .text               c_w.l(indicate_semi.o)
    0x00000eb2   0x00000002   PAD
    0x00000eb4   0x000000f8   Code   RO         2757    .text               c_w.l(fseek.o)
    0x00000fac   0x000000f0   Code   RO         2759    .text               c_w.l(stdio.o)
    0x0000109c   0x00000032   Code   RO         2766    .text               c_w.l(defsig_general.o)
    0x000010ce   0x00000002   PAD
    0x000010d0   0x00000034   Code   RO         2770    .text               c_w.l(defsig_rtred_inner.o)
    0x00001104   0x0000003e   Code   RO         2772    .text               c_w.l(strlen.o)
    0x00001142   0x0000000e   Code   RO         2780    .text               c_w.l(sys_wrch.o)
    0x00001150   0x00000042   Code   RO         2789    .text               c_w.l(ftell.o)
    0x00001192   0x00000002   PAD
    0x00001194   0x00000008   Code   RO         2796    .text               c_w.l(rt_errno_addr_intlibspace.o)
    0x0000119c   0x00000088   Code   RO         1280    KERNEL              los_dispatch_keil.o
    0x00001224   0x00000014   Code   RO         1685    i.BSP_KEY_Get       los_bsp_key.o
    0x00001238   0x00000020   Code   RO         1686    i.BSP_KEY_Init      los_bsp_key.o
    0x00001258   0x00000064   Code   RO         1715    i.BSP_LED_Init      los_bsp_led.o
    0x000012bc   0x00000038   Code   RO         1716    i.BSP_LED_Off       los_bsp_led.o
    0x000012f4   0x00000038   Code   RO         1717    i.BSP_LED_On        los_bsp_led.o
    0x0000132c   0x00000044   Code   RO         1751    i.BSP_UART_Init     los_bsp_uart.o
    0x00001370   0x00000110   Code   RO         1915    i.Example_Dyn_Mem   los_api_dynamic_mem.o
    0x00001480   0x000000a8   Code   RO         1943    i.Example_Event     los_api_event.o
    0x00001528   0x000000d8   Code   RO         2103    i.Example_GetTick   los_api_systick.o
    0x00001600   0x00000120   Code   RO         2007    i.Example_MsgQueue  los_api_msgqueue.o
    0x00001720   0x00000144   Code   RO         2034    i.Example_MutexLock  los_api_mutex.o
    0x00001864   0x00000118   Code   RO         2035    i.Example_MutexTask1  los_api_mutex.o
    0x0000197c   0x000000e4   Code   RO         2036    i.Example_MutexTask2  los_api_mutex.o
    0x00001a60   0x000000e0   Code   RO         2061    i.Example_SemTask1  los_api_sem.o
    0x00001b40   0x000000d8   Code   RO         2062    i.Example_SemTask2  los_api_sem.o
    0x00001c18   0x00000158   Code   RO         2063    i.Example_Semphore  los_api_sem.o
    0x00001d70   0x00000154   Code   RO         1944    i.Example_SndRcvEvent  los_api_event.o
    0x00001ec4   0x00000144   Code   RO         2088    i.Example_StaticMem  los_api_static_mem.o
    0x00002008   0x00000114   Code   RO         2121    i.Example_TaskHi    los_api_task.o
    0x0000211c   0x000000e4   Code   RO         2122    i.Example_TaskLo    los_api_task.o
    0x00002200   0x0000017c   Code   RO         2123    i.Example_TskCaseEntry  los_api_task.o
    0x0000237c   0x00000194   Code   RO         1987    i.Example_list      los_api_list.o
    0x00002510   0x00000108   Code   RO         2162    i.Example_swTimer   los_api_timer.o
    0x00002618   0x0000001c   Code   RO         1088    i.LOS_Align         los_misc.o
    0x00002634   0x00000006   Code   RO          248    i.LOS_CyclePerTickGet  los_sys.o
    0x0000263a   0x0000001e   Code   RO         1056    i.LOS_DLnkInitMultiHead  los_multipledlinkhead.o
    0x00002658   0x0000002a   Code   RO         1057    i.LOS_DLnkMultiHead  los_multipledlinkhead.o
    0x00002682   0x00000012   Code   RO         1106    i.LOS_EnableTick    los_config.o
    0x00002694   0x00000014   Code   RO         1687    i.LOS_EvbGetKeyVal  los_bsp_key.o
    0x000026a8   0x00000008   Code   RO         1688    i.LOS_EvbKeyInit    los_bsp_key.o
    0x000026b0   0x0000003e   Code   RO         1718    i.LOS_EvbLedControl  los_bsp_led.o
    0x000026ee   0x00000010   Code   RO         1719    i.LOS_EvbLedInit    los_bsp_led.o
    0x000026fe   0x00000010   Code   RO         1621    i.LOS_EvbSetup      los_bsp_adapter.o
    0x0000270e   0x00000008   Code   RO         1752    i.LOS_EvbUartInit   los_bsp_uart.o
    0x00002716   0x00000002   PAD
    0x00002718   0x00000028   Code   RO          572    i.LOS_EventClear    los_event.o
    0x00002740   0x0000001c   Code   RO          574    i.LOS_EventInit     los_event.o
    0x0000275c   0x00000050   Code   RO          575    i.LOS_EventPoll     los_event.o
    0x000027ac   0x0000015c   Code   RO          576    i.LOS_EventRead     los_event.o
    0x00002908   0x000000f8   Code   RO          577    i.LOS_EventWrite    los_event.o
    0x00002a00   0x00000164   Code   RO         2250    i.LOS_InspectByID   los_inspect_entry.o
    0x00002b64   0x00000060   Code   RO         2251    i.LOS_InspectStatusSetByID  los_inspect_entry.o
    0x00002bc4   0x00000048   Code   RO         2252    i.LOS_Inspect_Entry  los_inspect_entry.o
    0x00002c0c   0x00000058   Code   RO         2253    i.LOS_Inspect_KeyAndLed  los_inspect_entry.o
    0x00002c64   0x000000cc   Code   RO         2254    i.LOS_Inspect_TskDeal  los_inspect_entry.o
    0x00002d30   0x00000012   Code   RO         1107    i.LOS_KernelInit    los_config.o
    0x00002d42   0x0000000e   Code   RO          320    i.LOS_ListAdd       los_task.o
    0x00002d50   0x0000000e   Code   RO          620    i.LOS_ListAdd       los_mux.o
    0x00002d5e   0x0000000e   Code   RO          694    i.LOS_ListAdd       los_queue.o
    0x00002d6c   0x0000000e   Code   RO          799    i.LOS_ListAdd       los_sem.o
    0x00002d7a   0x0000000e   Code   RO          902    i.LOS_ListAdd       los_memory.o
    0x00002d88   0x0000000e   Code   RO         1988    i.LOS_ListAdd       los_api_list.o
    0x00002d96   0x00000014   Code   RO          321    i.LOS_ListDelete    los_task.o
    0x00002daa   0x00000014   Code   RO          621    i.LOS_ListDelete    los_mux.o
    0x00002dbe   0x00000014   Code   RO          800    i.LOS_ListDelete    los_sem.o
    0x00002dd2   0x00000014   Code   RO          903    i.LOS_ListDelete    los_memory.o
    0x00002de6   0x00000010   Code   RO          322    i.LOS_ListEmpty     los_task.o
    0x00002df6   0x00000010   Code   RO          622    i.LOS_ListEmpty     los_mux.o
    0x00002e06   0x00000010   Code   RO          695    i.LOS_ListEmpty     los_queue.o
    0x00002e16   0x00000010   Code   RO          801    i.LOS_ListEmpty     los_sem.o
    0x00002e26   0x00000006   Code   RO          323    i.LOS_ListInit      los_task.o
    0x00002e2c   0x00000006   Code   RO          623    i.LOS_ListInit      los_mux.o
    0x00002e32   0x00000006   Code   RO          696    i.LOS_ListInit      los_queue.o
    0x00002e38   0x00000006   Code   RO          802    i.LOS_ListInit      los_sem.o
    0x00002e3e   0x00000010   Code   RO          324    i.LOS_ListTailInsert  los_task.o
    0x00002e4e   0x00000010   Code   RO          624    i.LOS_ListTailInsert  los_mux.o
    0x00002e5e   0x00000010   Code   RO          803    i.LOS_ListTailInsert  los_sem.o
    0x00002e6e   0x00000002   PAD
    0x00002e70   0x00000144   Code   RO         1058    i.LOS_Log2          los_multipledlinkhead.o
    0x00002fb4   0x0000003a   Code   RO          904    i.LOS_MemAlloc      los_memory.o
    0x00002fee   0x0000006c   Code   RO          905    i.LOS_MemAllocAlign  los_memory.o
    0x0000305a   0x00000054   Code   RO          906    i.LOS_MemFree       los_memory.o
    0x000030ae   0x000000a6   Code   RO          907    i.LOS_MemInit       los_memory.o
    0x00003154   0x00000040   Code   RO          869    i.LOS_MemboxAlloc   los_membox.o
    0x00003194   0x0000001c   Code   RO          870    i.LOS_MemboxClr     los_membox.o
    0x000031b0   0x000000a4   Code   RO          871    i.LOS_MemboxFree    los_membox.o
    0x00003254   0x00000080   Code   RO          872    i.LOS_MemboxInit    los_membox.o
    0x000032d4   0x00000064   Code   RO          625    i.LOS_MuxCreate     los_mux.o
    0x00003338   0x00000068   Code   RO          626    i.LOS_MuxDelete     los_mux.o
    0x000033a0   0x00000148   Code   RO          627    i.LOS_MuxPend       los_mux.o
    0x000034e8   0x00000100   Code   RO          628    i.LOS_MuxPost       los_mux.o
    0x000035e8   0x00000018   Code   RO            1    i.LOS_PriqueueDequeue  los_priqueue.o
    0x00003600   0x00000024   Code   RO            2    i.LOS_PriqueueEnqueue  los_priqueue.o
    0x00003624   0x00000028   Code   RO            3    i.LOS_PriqueueSize  los_priqueue.o
    0x0000364c   0x0000003c   Code   RO            4    i.LOS_PriqueueTop   los_priqueue.o
    0x00003688   0x0000007c   Code   RO          697    i.LOS_QueueCreate   los_queue.o
    0x00003704   0x000000b0   Code   RO          698    i.LOS_QueueDelete   los_queue.o
    0x000037b4   0x00000130   Code   RO          699    i.LOS_QueueRead     los_queue.o
    0x000038e4   0x0000013c   Code   RO          700    i.LOS_QueueWrite    los_queue.o
    0x00003a20   0x00000040   Code   RO         1165    i.LOS_Schedule      los_hw.o
    0x00003a60   0x0000006c   Code   RO          804    i.LOS_SemCreate     los_sem.o
    0x00003acc   0x00000060   Code   RO          805    i.LOS_SemDelete     los_sem.o
    0x00003b2c   0x00000100   Code   RO          806    i.LOS_SemPend       los_sem.o
    0x00003c2c   0x000000b8   Code   RO          807    i.LOS_SemPost       los_sem.o
    0x00003ce4   0x0000000c   Code   RO         1196    i.LOS_SetTickSycle  los_hw_tick.o
    0x00003cf0   0x0000000c   Code   RO         1108    i.LOS_Start         los_config.o
    0x00003cfc   0x0000008c   Code   RO          111    i.LOS_SwtmrCreate   los_swtmr.o
    0x00003d88   0x00000080   Code   RO          112    i.LOS_SwtmrDelete   los_swtmr.o
    0x00003e08   0x00000080   Code   RO          113    i.LOS_SwtmrStart    los_swtmr.o
    0x00003e88   0x0000007c   Code   RO          114    i.LOS_SwtmrStop     los_swtmr.o
    0x00003f04   0x0000009c   Code   RO          325    i.LOS_TaskCreate    los_task.o
    0x00003fa0   0x00000184   Code   RO          326    i.LOS_TaskCreateOnly  los_task.o
    0x00004124   0x00000080   Code   RO          327    i.LOS_TaskDelay     los_task.o
    0x000041a4   0x00000168   Code   RO          328    i.LOS_TaskDelete    los_task.o
    0x0000430c   0x00000020   Code   RO          329    i.LOS_TaskLock      los_task.o
    0x0000432c   0x000000b0   Code   RO          332    i.LOS_TaskResume    los_task.o
    0x000043dc   0x000000e4   Code   RO          333    i.LOS_TaskSuspend   los_task.o
    0x000044c0   0x0000003c   Code   RO          334    i.LOS_TaskUnlock    los_task.o
    0x000044fc   0x00000084   Code   RO          335    i.LOS_TaskYield     los_task.o
    0x00004580   0x0000000c   Code   RO          252    i.LOS_TickCountGet  los_sys.o
    0x0000458c   0x00000038   Code   RO         1197    i.LOS_TickHandler   los_hw_tick.o
    0x000045c4   0x00000002   Code   RO         1623    i.LosAdapIntInit    los_bsp_adapter.o
    0x000045c6   0x00000008   Code   RO         1626    i.SysTick_Handler   los_bsp_adapter.o
    0x000045ce   0x00000002   PAD
    0x000045d0   0x00000050   Code   RO         2163    i.Timer1_Callback   los_api_timer.o
    0x00004620   0x00000058   Code   RO         2164    i.Timer2_Callback   los_api_timer.o
    0x00004678   0x0000001c   Code   RO         1757    i.UART0IntHandler   los_bsp_uart.o
    0x00004694   0x0000000e   Code   RO         2396    i._is_digit         c_w.l(__printf_wp.o)
    0x000046a2   0x00000002   PAD
    0x000046a4   0x00000024   Code   RO         1758    i.fputc             los_bsp_uart.o
    0x000046c8   0x00000022   Code   RO         1849    i.main              main.o
    0x000046ea   0x00000008   Code   RO         1225    i.osHwiDefaultHandler  los_hwi.o
    0x000046f2   0x00000002   PAD
    0x000046f4   0x00000024   Code   RO         1226    i.osHwiInit         los_hwi.o
    0x00004718   0x00000004   Code   RO          336    i.osIdleTask        los_task.o
    0x0000471c   0x0000004c   Code   RO          337    i.osIdleTaskCreate  los_task.o
    0x00004768   0x0000000c   Code   RO         1227    i.osIntNumGet       los_hwi.o
    0x00004774   0x00000070   Code   RO         1111    i.osMain            los_config.o
    0x000047e4   0x0000005c   Code   RO          909    i.osMemAllocWithCheck  los_memory.o
    0x00004840   0x00000098   Code   RO          910    i.osMemCheckUsedNode  los_memory.o
    0x000048d8   0x00000050   Code   RO          911    i.osMemFindSuitableFreeBlock  los_memory.o
    0x00004928   0x000000b2   Code   RO          912    i.osMemFreeNode     los_memory.o
    0x000049da   0x0000003e   Code   RO          913    i.osMemIsNodeValid  los_memory.o
    0x00004a18   0x00000024   Code   RO          914    i.osMemMergeNode    los_memory.o
    0x00004a3c   0x00000020   Code   RO          915    i.osMemSetMagicNumAndTaskid  los_memory.o
    0x00004a5c   0x0000005c   Code   RO          916    i.osMemSpitNode     los_memory.o
    0x00004ab8   0x00000024   Code   RO          917    i.osMemSystemInit   los_memory.o
    0x00004adc   0x0000005c   Code   RO          629    i.osMuxInit         los_mux.o
    0x00004b38   0x00000048   Code   RO            6    i.osPriqueueInit    los_priqueue.o
    0x00004b80   0x00000070   Code   RO          701    i.osQueueCreate     los_queue.o
    0x00004bf0   0x00000038   Code   RO          702    i.osQueueInit       los_queue.o
    0x00004c28   0x00000084   Code   RO          705    i.osQueuePend       los_queue.o
    0x00004cac   0x0000005a   Code   RO          706    i.osQueueWakeUp     los_queue.o
    0x00004d06   0x00000002   PAD
    0x00004d08   0x0000001c   Code   RO         1112    i.osRegister        los_config.o
    0x00004d24   0x00000008   Code   RO         1166    i.osSchedule        los_hw.o
    0x00004d2c   0x00000058   Code   RO          808    i.osSemInit         los_sem.o
    0x00004d84   0x000000ac   Code   RO          117    i.osSwTmrInit       los_swtmr.o
    0x00004e30   0x00000060   Code   RO          118    i.osSwTmrStart      los_swtmr.o
    0x00004e90   0x00000050   Code   RO          119    i.osSwTmrTask       los_swtmr.o
    0x00004ee0   0x00000048   Code   RO          120    i.osSwTmrTaskCreate  los_swtmr.o
    0x00004f28   0x0000008c   Code   RO          121    i.osSwTmrTimeoutHandle  los_swtmr.o
    0x00004fb4   0x00000014   Code   RO          122    i.osSwtmrDelete     los_swtmr.o
    0x00004fc8   0x00000024   Code   RO          123    i.osSwtmrScan       los_swtmr.o
    0x00004fec   0x00000048   Code   RO          124    i.osSwtmrStop       los_swtmr.o
    0x00005034   0x000000c0   Code   RO          338    i.osTaskAdd2TimerList  los_task.o
    0x000050f4   0x000000a4   Code   RO          339    i.osTaskEntry       los_task.o
    0x00005198   0x00000008   Code   RO         1167    i.osTaskExit        los_hw.o
    0x000051a0   0x00000128   Code   RO          340    i.osTaskInit        los_task.o
    0x000052c8   0x00000034   Code   RO         1027    i.osTaskMemUsedDec  los_memstat.o
    0x000052fc   0x0000003c   Code   RO         1028    i.osTaskMemUsedInc  los_memstat.o
    0x00005338   0x00000038   Code   RO          341    i.osTaskPriModify   los_task.o
    0x00005370   0x000000dc   Code   RO          342    i.osTaskScan        los_task.o
    0x0000544c   0x000000fc   Code   RO          343    i.osTaskSelfDelete  los_task.o
    0x00005548   0x00000028   Code   RO          520    i.osTickHandler     los_tick.o
    0x00005570   0x00000040   Code   RO         1627    i.osTickStart       los_bsp_adapter.o
    0x000055b0   0x00000048   Code   RO          344    i.osTimerListDelete  los_task.o
    0x000055f8   0x0000004c   Code   RO          548    i.osTimesliceCheck  los_timeslice.o
    0x00005644   0x00000010   Code   RO          549    i.osTimesliceInit   los_timeslice.o
    0x00005654   0x00000088   Code   RO         1168    i.osTskStackInit    los_hw.o
    0x000056dc   0x000000cc   Code   RO         2008    i.recv_Entry        los_api_msgqueue.o
    0x000057a8   0x00000074   Code   RO         2009    i.send_Entry        los_api_msgqueue.o
    0x0000581c   0x00000009   Data   RO         1628    .constdata          los_bsp_adapter.o
    0x00005825   0x00000028   Data   RO         2384    .constdata          c_w.l(_printf_hex_int_ll_ptr.o)
    0x0000584d   0x00000011   Data   RO         2404    .constdata          c_w.l(__printf_flags_ss_wp.o)
    0x0000585e   0x00000004   Data   RO         2640    .constdata          c_w.l(sys_io.o)
    0x00005862   0x00000004   Data   RO         2641    .constdata          c_w.l(sys_io.o)
    0x00005866   0x00000004   Data   RO         2642    .constdata          c_w.l(sys_io.o)
    0x0000586a   0x00000002   PAD
    0x0000586c   0x00000042   Data   RO         2064    .conststring        los_api_sem.o
    0x000058ae   0x00000002   PAD
    0x000058b0   0x00000020   Data   RO         2813    Region$$Table       anon$$obj.o


    Execution Region RW_IRAM1 (Base: 0x20000000, Size: 0x000033e8, Max: 0x00005000, ABSOLUTE, COMPRESSED[0x000000a0])

    Base Addr    Size         Type   Attr      Idx    E Section Name        Object

    0x20000000   0x00000004   Data   RW            7    .data               los_priqueue.o
    0x20000004   0x00000010   Data   RW          126    .data               los_swtmr.o
    0x20000014   0x00000044   Data   RW          345    .data               los_task.o
    0x20000058   0x00000010   Data   RW          521    .data               los_tick.o
    0x20000068   0x00000008   Data   RW          550    .data               los_timeslice.o
    0x20000070   0x0000000c   Data   RW          630    .data               los_mux.o
    0x2000007c   0x00000004   Data   RW          707    .data               los_queue.o
    0x20000080   0x0000000c   Data   RW          809    .data               los_sem.o
    0x2000008c   0x00000008   Data   RW         1113    .data               los_config.o
    0x20000094   0x00000004   Data   RW         1198    .data               los_hw_tick.o
    0x20000098   0x00000004   Data   RW         1230    .data               los_hwi.o
    0x2000009c   0x00000004   Data   RW         1629    .data               los_bsp_adapter.o
    0x200000a0   0x00000001   Data   RW         1760    .data               los_bsp_uart.o
    0x200000a1   0x00000003   PAD
    0x200000a4   0x00000008   Data   RW         1946    .data               los_api_event.o
    0x200000ac   0x00000016   Data   RW         2010    .data               los_api_msgqueue.o
    0x200000c2   0x00000002   PAD
    0x200000c4   0x0000000c   Data   RW         2037    .data               los_api_mutex.o
    0x200000d0   0x0000000c   Data   RW         2065    .data               los_api_sem.o
    0x200000dc   0x00000008   Data   RW         2124    .data               los_api_task.o
    0x200000e4   0x00000008   Data   RW         2165    .data               los_api_timer.o
    0x200000ec   0x000000a8   Data   RW         2255    .data               los_inspect_entry.o
    0x20000194   0x00000004   Data   RW         2516    .data               c_w.l(stdio_streams.o)
    0x20000198   0x00000004   Data   RW         2517    .data               c_w.l(stdio_streams.o)
    0x2000019c   0x00000004   Data   RW         2518    .data               c_w.l(stdio_streams.o)
    0x200001a0   0x00000400   Data   RW         1231    .vector.bss         los_hwi.o
    0x200005a0   0x00000064   Zero   RW          125    .bss                los_swtmr.o
    0x20000604   0x00002800   Zero   RW          918    .bss                los_memory.o
    0x20002e04   0x00000020   Zero   RW         1029    .bss                los_memstat.o
    0x20002e24   0x0000000c   Zero   RW         1945    .bss                los_api_event.o
    0x20002e30   0x00000258   Zero   RW         2089    .bss                los_api_static_mem.o
    0x20003088   0x00000054   Zero   RW         2513    .bss                c_w.l(stdio_streams.o)
    0x200030dc   0x00000054   Zero   RW         2514    .bss                c_w.l(stdio_streams.o)
    0x20003130   0x00000054   Zero   RW         2515    .bss                c_w.l(stdio_streams.o)
    0x20003184   0x00000060   Zero   RW         2535    .bss                c_w.l(libspace.o)
    0x200031e4   0x00000004   PAD
    0x200031e8   0x00000000   Zero   RW         1841    HEAP                startup_keil.o
    0x200031e8   0x00000200   Zero   RW         1840    STACK               startup_keil.o



  Load Region LR_CCFG (Base: 0x0001ffa8, Size: 0x00000058, Max: 0xffffffff, ABSOLUTE)

    Execution Region ER_CCFG (Base: 0x0001ffa8, Size: 0x00000058, Max: 0xffffffff, ABSOLUTE)

    Base Addr    Size         Type   Attr      Idx    E Section Name        Object

    0x0001ffa8   0x00000058   Data   RO         1816    .ccfg               ccfg.o


==============================================================================

Image component sizes


      Code (inc. data)   RO Data    RW Data    ZI Data      Debug   Object Name

         0          0         88          0          0      12849   ccfg.o
         0          0          0          0          0      10656   cmsis_liteos.o
       272        138          0          0          0       2366   los_api_dynamic_mem.o
       508        284          0          8         12       1923   los_api_event.o
       418        172          0          0          0       1767   los_api_list.o
       608        282          0         22          0       3728   los_api_msgqueue.o
       832        492          0         12          0       2654   los_api_mutex.o
       784        440         66         12          0       2533   los_api_sem.o
       324        180          0          0        600       1838   los_api_static_mem.o
       216         90          0          0          0        834   los_api_systick.o
       884        542          0          8          0       2699   los_api_task.o
       432        196          0          8          0       2444   los_api_timer.o
        90         10          9          4          0       3010   los_bsp_adapter.o
        80         16          0          0          0       2517   los_bsp_key.o
       290         22          0          0          0       3239   los_bsp_led.o
       140         24          0          1          0       5287   los_bsp_uart.o
       188         18          0          8          0       4312   los_config.o
       228         30          0          0          0        932   los_dispatch_keil.o
       744         32          0          0          0       5610   los_event.o
       216         16          0          0          0       3258   los_hw.o
        68         10          0          4          0       1625   los_hw_tick.o
        56         10          0       1028          0       5638   los_hwi.o
       816        352          0        168          0       5295   los_inspect_entry.o
       384         10          0          0          0       4972   los_membox.o
      1210         14          0          0      10240      17192   los_memory.o
       112         24          0          0         32       2313   los_memstat.o
        28          0          0          0          0        688   los_misc.o
       396          4          0          0          0       5552   los_multipledlinkhead.o
       952         80          0         12          0      11520   los_mux.o
       232         22          0          4          0      16238   los_priqueue.o
      1346         86          0          4          0      20579   los_queue.o
       804         70          0         12          0       9104   los_sem.o
      1208        130          0         16        100      23210   los_swtmr.o
        18          6          0          0          0       1169   los_sys.o
      3064        276          0         68          0      30449   los_task.o
        40          6          0         16          0       1033   los_tick.o
        92         16          0          8          0       1545   los_timeslice.o
        34          0          0          0          0        639   main.o
        68         26        200          0        512        952   startup_keil.o

    ----------------------------------------------------------------------
     18192       4126        397       1428      11496     234169   Object Totals
         0          0         32          0          0          0   (incl. Generated)
        10          0          2          5          0          0   (incl. Padding)

    ----------------------------------------------------------------------

      Code (inc. data)   RO Data    RW Data    ZI Data      Debug   Library Member Name

        24          4          0          0          0         84   __2printf.o
        90          0          0          0          0          0   __dczerorl2.o
         8          0          0          0          0         68   __main.o
       392          4         17          0          0         92   __printf_flags_ss_wp.o
        14          0          0          0          0         68   __printf_wp.o
         0          0          0          0          0          0   __rtentry.o
        12          0          0          0          0          0   __rtentry2.o
         6          0          0          0          0          0   __rtentry4.o
        52          8          0          0          0          0   __scatter.o
        28          0          0          0          0          0   __scatter_zi.o
        44          0          0          0          0        108   _printf_char.o
        48          6          0          0          0         96   _printf_char_common.o
        36          4          0          0          0         80   _printf_char_file.o
         6          0          0          0          0          0   _printf_d.o
       120         16          0          0          0         92   _printf_dec.o
       148          4         40          0          0        160   _printf_hex_int_ll_ptr.o
       178          0          0          0          0         88   _printf_intcommon.o
         0          0          0          0          0          0   _printf_percent.o
         4          0          0          0          0          0   _printf_percent_end.o
         6          0          0          0          0          0   _printf_s.o
        82          0          0          0          0         80   _printf_str.o
         6          0          0          0          0          0   _printf_u.o
         6          0          0          0          0          0   _printf_x.o
        10          0          0          0          0         68   defsig_exit.o
        50          0          0          0          0         88   defsig_general.o
        80         58          0          0          0         76   defsig_rtmem_inner.o
        14          0          0          0          0         80   defsig_rtmem_outer.o
        52         38          0          0          0         76   defsig_rtred_inner.o
        14          0          0          0          0         80   defsig_rtred_outer.o
        18          0          0          0          0         80   exit.o
        76          0          0          0          0         88   fclose.o
         8          0          0          0          0         68   ferror.o
       236          4          0          0          0        128   fopen.o
       248          6          0          0          0         84   fseek.o
        66          0          0          0          0         76   ftell.o
        94          0          0          0          0         80   h1_alloc.o
        52          0          0          0          0         68   h1_extend.o
        78          0          0          0          0         80   h1_free.o
        14          0          0          0          0         84   h1_init.o
         6          0          0          0          0        152   heapauxi.o
         4          0          0          0          0        136   hguard.o
         0          0          0          0          0          0   indicate_semi.o
       138          0          0          0          0        168   init_alloc.o
       312         46          0          0          0        112   initio.o
         2          0          0          0          0          0   libinit.o
        14          0          0          0          0          0   libinit2.o
         2          0          0          0          0          0   libshutdown.o
         6          0          0          0          0          0   libshutdown2.o
         8          4          0          0         96         68   libspace.o
         0          0          0          0          0          0   maybetermalloc1.o
         8          4          0          0          0         68   rt_errno_addr_intlibspace.o
         8          4          0          0          0         68   rt_heap_descriptor_intlibspace.o
        68          0          0          0          0         68   rt_memclr.o
        78          0          0          0          0         80   rt_memclr_w.o
         2          0          0          0          0          0   rtexit.o
        10          0          0          0          0          0   rtexit2.o
        70          0          0          0          0         80   setvbuf.o
       240          6          0          0          0        156   stdio.o
         0          0          0         12        252          0   stdio_streams.o
        62          0          0          0          0         76   strlen.o
        12          4          0          0          0         68   sys_exit.o
       102          0         12          0          0        240   sys_io.o
        74          0          0          0          0         80   sys_stackheap_outer.o
        14          0          0          0          0         76   sys_wrch.o
         2          0          0          0          0         68   use_no_semi.o
       164          8          0          0          0        228   chipinfo.o
       316         70          0          0          0        112   setup.o

    ----------------------------------------------------------------------
      4164        298         71         12        352       4424   Library Totals
        22          0          2          0          4          0   (incl. Padding)

    ----------------------------------------------------------------------

      Code (inc. data)   RO Data    RW Data    ZI Data      Debug   Library Name

      3662        220         69         12        348       4084   c_w.l
       480         78          0          0          0        340   driverlib.lib

    ----------------------------------------------------------------------
      4164        298         71         12        352       4424   Library Totals

    ----------------------------------------------------------------------

==============================================================================


      Code (inc. data)   RO Data    RW Data    ZI Data      Debug   

     22356       4424        468       1440      11848     228085   Grand Totals
     22356       4424        468        160      11848     228085   ELF Image Totals (compressed)
     22356       4424        468        160          0          0   ROM Totals

==============================================================================

    Total RO  Size (Code + RO Data)                22824 (  22.29kB)
    Total RW  Size (RW Data + ZI Data)             13288 (  12.98kB)
    Total ROM Size (Code + RO Data + RW Data)      22984 (  22.45kB)

==============================================================================

